Component: ARM Compiler 5.06 update 5 (build 528) Tool: armlink [4d35e2]

==============================================================================

Section Cross References

    stm32h743i_eval.o(i.AUDIO_IO_Delay) refers to stm32h7xx_hal.o(i.HAL_Delay) for HAL_Delay
    stm32h743i_eval.o(i.AUDIO_IO_Init) refers to stm32h743i_eval.o(i.I2Cx_Init) for I2Cx_Init
    stm32h743i_eval.o(i.AUDIO_IO_Read) refers to stm32h743i_eval.o(i.I2Cx_ReadMultiple) for I2Cx_ReadMultiple
    stm32h743i_eval.o(i.AUDIO_IO_Write) refers to stm32h743i_eval.o(i.I2Cx_WriteMultiple) for I2Cx_WriteMultiple
    stm32h743i_eval.o(i.BSP_COM_DeInit) refers to stm32h7xx_hal_uart.o(i.HAL_UART_DeInit) for HAL_UART_DeInit
    stm32h743i_eval.o(i.BSP_COM_DeInit) refers to stm32h743i_eval.o(.data) for .data
    stm32h743i_eval.o(i.BSP_COM_Init) refers to stm32h7xx_hal_gpio.o(i.HAL_GPIO_Init) for HAL_GPIO_Init
    stm32h743i_eval.o(i.BSP_COM_Init) refers to stm32h7xx_hal_uart.o(i.HAL_UART_Init) for HAL_UART_Init
    stm32h743i_eval.o(i.BSP_COM_Init) refers to stm32h743i_eval.o(.constdata) for .constdata
    stm32h743i_eval.o(i.BSP_COM_Init) refers to stm32h743i_eval.o(.data) for .data
    stm32h743i_eval.o(i.BSP_JOY_DeInit) refers to stm32h743i_eval_io.o(i.BSP_IO_ConfigPin) for BSP_IO_ConfigPin
    stm32h743i_eval.o(i.BSP_JOY_GetState) refers to stm32h743i_eval_io.o(i.BSP_IO_ReadPin) for BSP_IO_ReadPin
    stm32h743i_eval.o(i.BSP_JOY_Init) refers to stm32h743i_eval_io.o(i.BSP_IO_Init) for BSP_IO_Init
    stm32h743i_eval.o(i.BSP_JOY_Init) refers to stm32h743i_eval_io.o(i.BSP_IO_ConfigPin) for BSP_IO_ConfigPin
    stm32h743i_eval.o(i.BSP_LED_DeInit) refers to stm32h743i_eval_io.o(i.BSP_IO_ConfigPin) for BSP_IO_ConfigPin
    stm32h743i_eval.o(i.BSP_LED_DeInit) refers to stm32h7xx_hal_gpio.o(i.HAL_GPIO_WritePin) for HAL_GPIO_WritePin
    stm32h743i_eval.o(i.BSP_LED_DeInit) refers to stm32h7xx_hal_gpio.o(i.HAL_GPIO_DeInit) for HAL_GPIO_DeInit
    stm32h743i_eval.o(i.BSP_LED_DeInit) refers to stm32h743i_eval.o(.constdata) for .constdata
    stm32h743i_eval.o(i.BSP_LED_Init) refers to stm32h743i_eval_io.o(i.BSP_IO_Init) for BSP_IO_Init
    stm32h743i_eval.o(i.BSP_LED_Init) refers to stm32h743i_eval_io.o(i.BSP_IO_ConfigPin) for BSP_IO_ConfigPin
    stm32h743i_eval.o(i.BSP_LED_Init) refers to stm32h743i_eval_io.o(i.BSP_IO_WritePin) for BSP_IO_WritePin
    stm32h743i_eval.o(i.BSP_LED_Init) refers to stm32h7xx_hal_gpio.o(i.HAL_GPIO_Init) for HAL_GPIO_Init
    stm32h743i_eval.o(i.BSP_LED_Init) refers to stm32h7xx_hal_gpio.o(i.HAL_GPIO_WritePin) for HAL_GPIO_WritePin
    stm32h743i_eval.o(i.BSP_LED_Init) refers to stm32h743i_eval.o(.constdata) for .constdata
    stm32h743i_eval.o(i.BSP_LED_Off) refers to stm32h743i_eval_io.o(i.BSP_IO_WritePin) for BSP_IO_WritePin
    stm32h743i_eval.o(i.BSP_LED_Off) refers to stm32h7xx_hal_gpio.o(i.HAL_GPIO_WritePin) for HAL_GPIO_WritePin
    stm32h743i_eval.o(i.BSP_LED_Off) refers to stm32h743i_eval.o(.constdata) for .constdata
    stm32h743i_eval.o(i.BSP_LED_On) refers to stm32h743i_eval_io.o(i.BSP_IO_WritePin) for BSP_IO_WritePin
    stm32h743i_eval.o(i.BSP_LED_On) refers to stm32h7xx_hal_gpio.o(i.HAL_GPIO_WritePin) for HAL_GPIO_WritePin
    stm32h743i_eval.o(i.BSP_LED_On) refers to stm32h743i_eval.o(.constdata) for .constdata
    stm32h743i_eval.o(i.BSP_LED_Toggle) refers to stm32h743i_eval_io.o(i.BSP_IO_TogglePin) for BSP_IO_TogglePin
    stm32h743i_eval.o(i.BSP_LED_Toggle) refers to stm32h7xx_hal_gpio.o(i.HAL_GPIO_TogglePin) for HAL_GPIO_TogglePin
    stm32h743i_eval.o(i.BSP_LED_Toggle) refers to stm32h743i_eval.o(.constdata) for .constdata
    stm32h743i_eval.o(i.BSP_PB_DeInit) refers to stm32h7xx_hal_cortex.o(i.HAL_NVIC_DisableIRQ) for HAL_NVIC_DisableIRQ
    stm32h743i_eval.o(i.BSP_PB_DeInit) refers to stm32h7xx_hal_gpio.o(i.HAL_GPIO_DeInit) for HAL_GPIO_DeInit
    stm32h743i_eval.o(i.BSP_PB_DeInit) refers to stm32h743i_eval.o(.constdata) for .constdata
    stm32h743i_eval.o(i.BSP_PB_DeInit) refers to stm32h743i_eval.o(.data) for .data
    stm32h743i_eval.o(i.BSP_PB_GetState) refers to stm32h7xx_hal_gpio.o(i.HAL_GPIO_ReadPin) for HAL_GPIO_ReadPin
    stm32h743i_eval.o(i.BSP_PB_GetState) refers to stm32h743i_eval.o(.constdata) for .constdata
    stm32h743i_eval.o(i.BSP_PB_GetState) refers to stm32h743i_eval.o(.data) for .data
    stm32h743i_eval.o(i.BSP_PB_Init) refers to stm32h7xx_hal_gpio.o(i.HAL_GPIO_Init) for HAL_GPIO_Init
    stm32h743i_eval.o(i.BSP_PB_Init) refers to stm32h7xx_hal_cortex.o(i.HAL_NVIC_SetPriority) for HAL_NVIC_SetPriority
    stm32h743i_eval.o(i.BSP_PB_Init) refers to stm32h7xx_hal_cortex.o(i.HAL_NVIC_EnableIRQ) for HAL_NVIC_EnableIRQ
    stm32h743i_eval.o(i.BSP_PB_Init) refers to stm32h743i_eval.o(.constdata) for .constdata
    stm32h743i_eval.o(i.BSP_PB_Init) refers to stm32h743i_eval.o(.data) for .data
    stm32h743i_eval.o(i.BSP_POTENTIOMETER_GetLevel) refers to stm32h7xx_hal_adc.o(i.HAL_ADC_Start) for HAL_ADC_Start
[...]
    Removing stm32h7xx_hal_pwr_ex.o(i.HAL_PWREx_GetVoltageRange), (16 bytes).
    Removing stm32h7xx_hal_pwr_ex.o(i.HAL_PWREx_GetWakeupFlag), (12 bytes).
    Removing stm32h7xx_hal_pwr_ex.o(i.HAL_PWREx_PVD_AVD_IRQHandler), (76 bytes).
    Removing stm32h7xx_hal_pwr_ex.o(i.HAL_PWREx_WAKEUP_PIN_IRQHandler), (124 bytes).
    Removing stm32h7xx_hal_pwr_ex.o(i.HAL_PWREx_WKUP1_Callback), (2 bytes).
    Removing stm32h7xx_hal_pwr_ex.o(i.HAL_PWREx_WKUP2_Callback), (2 bytes).
    Removing stm32h7xx_hal_pwr_ex.o(i.HAL_PWREx_WKUP3_Callback), (2 bytes).
    Removing stm32h7xx_hal_pwr_ex.o(i.HAL_PWREx_WKUP4_Callback), (2 bytes).
    Removing stm32h7xx_hal_pwr_ex.o(i.HAL_PWREx_WKUP5_Callback), (2 bytes).
    Removing stm32h7xx_hal_pwr_ex.o(i.HAL_PWREx_WKUP6_Callback), (2 bytes).
    Removing stm32h7xx_hal_fdcan.o(.rev16_text), (4 bytes).
    Removing stm32h7xx_hal_fdcan.o(.revsh_text), (4 bytes).
    Removing stm32h7xx_hal_fdcan.o(.rrx_text), (6 bytes).
    Removing stm32h7xx_hal_fdcan.o(i.HAL_FDCAN_AbortTxRequest), (34 bytes).
    Removing stm32h7xx_hal_fdcan.o(i.HAL_FDCAN_AddMessageToTxBuffer), (100 bytes).
    Removing stm32h7xx_hal_fdcan.o(i.HAL_FDCAN_ConfigClockCalibration), (132 bytes).
    Removing stm32h7xx_hal_fdcan.o(i.HAL_FDCAN_ConfigExtendedIdMask), (34 bytes).
    Removing stm32h7xx_hal_fdcan.o(i.HAL_FDCAN_ConfigFifoWatermark), (90 bytes).
    Removing stm32h7xx_hal_fdcan.o(i.HAL_FDCAN_ConfigGlobalFilter), (50 bytes).
    Removing stm32h7xx_hal_fdcan.o(i.HAL_FDCAN_ConfigInterruptLines), (52 bytes).
    Removing stm32h7xx_hal_fdcan.o(i.HAL_FDCAN_ConfigRamWatchdog), (40 bytes).
    Removing stm32h7xx_hal_fdcan.o(i.HAL_FDCAN_ConfigRxFifoOverwrite), (64 bytes).
    Removing stm32h7xx_hal_fdcan.o(i.HAL_FDCAN_ConfigTimeoutCounter), (46 bytes).
    Removing stm32h7xx_hal_fdcan.o(i.HAL_FDCAN_ConfigTimestampCounter), (40 bytes).
    Removing stm32h7xx_hal_fdcan.o(i.HAL_FDCAN_ConfigTxDelayCompensation), (36 bytes).
    Removing stm32h7xx_hal_fdcan.o(i.HAL_FDCAN_DeInit), (32 bytes).
    Removing stm32h7xx_hal_fdcan.o(i.HAL_FDCAN_DeactivateNotification), (68 bytes).
    Removing stm32h7xx_hal_fdcan.o(i.HAL_FDCAN_DisableTimeoutCounter), (38 bytes).
    Removing stm32h7xx_hal_fdcan.o(i.HAL_FDCAN_DisableTimestampCounter), (38 bytes).
    Removing stm32h7xx_hal_fdcan.o(i.HAL_FDCAN_DisableTxDelayCompensation), (38 bytes).
    Removing stm32h7xx_hal_fdcan.o(i.HAL_FDCAN_EnableTimeoutCounter), (38 bytes).
    Removing stm32h7xx_hal_fdcan.o(i.HAL_FDCAN_EnableTimestampCounter), (40 bytes).
    Removing stm32h7xx_hal_fdcan.o(i.HAL_FDCAN_EnableTxBufferRequest), (34 bytes).
    Removing stm32h7xx_hal_fdcan.o(i.HAL_FDCAN_EnableTxDelayCompensation), (38 bytes).
    Removing stm32h7xx_hal_fdcan.o(i.HAL_FDCAN_EnterPowerDownMode), (68 bytes).
    Removing stm32h7xx_hal_fdcan.o(i.HAL_FDCAN_ExitPowerDownMode), (78 bytes).
    Removing stm32h7xx_hal_fdcan.o(i.HAL_FDCAN_ExitRestrictedOperationMode), (46 bytes).
    Removing stm32h7xx_hal_fdcan.o(i.HAL_FDCAN_GetClockCalibrationCounter), (36 bytes).
    Removing stm32h7xx_hal_fdcan.o(i.HAL_FDCAN_GetClockCalibrationState), (16 bytes).
    Removing stm32h7xx_hal_fdcan.o(i.HAL_FDCAN_GetError), (6 bytes).
    Removing stm32h7xx_hal_fdcan.o(i.HAL_FDCAN_GetErrorCounters), (34 bytes).
    Removing stm32h7xx_hal_fdcan.o(i.HAL_FDCAN_GetHighPriorityMessageStatus), (52 bytes).
    Removing stm32h7xx_hal_fdcan.o(i.HAL_FDCAN_GetProtocolStatus), (72 bytes).
    Removing stm32h7xx_hal_fdcan.o(i.HAL_FDCAN_GetRxFifoFillLevel), (24 bytes).
    Removing stm32h7xx_hal_fdcan.o(i.HAL_FDCAN_GetState), (6 bytes).
    Removing stm32h7xx_hal_fdcan.o(i.HAL_FDCAN_GetTimeoutCounter), (8 bytes).
    Removing stm32h7xx_hal_fdcan.o(i.HAL_FDCAN_GetTimestampCounter), (8 bytes).
    Removing stm32h7xx_hal_fdcan.o(i.HAL_FDCAN_GetTxEvent), (174 bytes).
    Removing stm32h7xx_hal_fdcan.o(i.HAL_FDCAN_GetTxFifoFreeLevel), (12 bytes).
    Removing stm32h7xx_hal_fdcan.o(i.HAL_FDCAN_IsRestrictedOperationMode), (10 bytes).
    Removing stm32h7xx_hal_fdcan.o(i.HAL_FDCAN_IsRxBufferMessageAvailable), (50 bytes).
    Removing stm32h7xx_hal_fdcan.o(i.HAL_FDCAN_IsTxBufferMessagePending), (14 bytes).
    Removing stm32h7xx_hal_fdcan.o(i.HAL_FDCAN_MspDeInit), (2 bytes).
    Removing stm32h7xx_hal_fdcan.o(i.HAL_FDCAN_MspInit), (2 bytes).
    Removing stm32h7xx_hal_fdcan.o(i.HAL_FDCAN_ResetClockCalibrationState), (20 bytes).
    Removing stm32h7xx_hal_fdcan.o(i.HAL_FDCAN_ResetTimeoutCounter), (32 bytes).
    Removing stm32h7xx_hal_fdcan.o(i.HAL_FDCAN_ResetTimestampCounter), (34 bytes).
    Removing stm32h7xx_hal_fdcan.o(i.HAL_FDCAN_RxFifo0Callback), (2 bytes).
    Removing stm32h7xx_hal_fdcan.o(i.HAL_FDCAN_Stop), (92 bytes).
    Removing stm32h7xx_hal_fdcan.o(i.HAL_FDCAN_TT_ActivateNotification), (88 bytes).
    Removing stm32h7xx_hal_fdcan.o(i.HAL_FDCAN_TT_ConfigExternalSyncPhase), (62 bytes).
    Removing stm32h7xx_hal_fdcan.o(i.HAL_FDCAN_TT_ConfigInterruptLines), (52 bytes).
    Removing stm32h7xx_hal_fdcan.o(i.HAL_FDCAN_TT_ConfigOperation), (436 bytes).
    Removing stm32h7xx_hal_fdcan.o(i.HAL_FDCAN_TT_ConfigReferenceMessage), (72 bytes).
    Removing stm32h7xx_hal_fdcan.o(i.HAL_FDCAN_TT_ConfigRegisterTimeMark), (160 bytes).
    Removing stm32h7xx_hal_fdcan.o(i.HAL_FDCAN_TT_ConfigStopWatch), (88 bytes).
    Removing stm32h7xx_hal_fdcan.o(i.HAL_FDCAN_TT_ConfigTrigger), (130 bytes).
    Removing stm32h7xx_hal_fdcan.o(i.HAL_FDCAN_TT_DeactivateNotification), (44 bytes).
    Removing stm32h7xx_hal_fdcan.o(i.HAL_FDCAN_TT_DisableExternalSynchronization), (82 bytes).
    Removing stm32h7xx_hal_fdcan.o(i.HAL_FDCAN_TT_DisableHardwareGapControl), (102 bytes).
    Removing stm32h7xx_hal_fdcan.o(i.HAL_FDCAN_TT_DisableRegisterTimeMarkPulse), (82 bytes).
    Removing stm32h7xx_hal_fdcan.o(i.HAL_FDCAN_TT_DisableTimeMarkGapControl), (102 bytes).
    Removing stm32h7xx_hal_fdcan.o(i.HAL_FDCAN_TT_DisableTriggerTimeMarkPulse), (102 bytes).
    Removing stm32h7xx_hal_fdcan.o(i.HAL_FDCAN_TT_EnableExternalSynchronization), (82 bytes).
    Removing stm32h7xx_hal_fdcan.o(i.HAL_FDCAN_TT_EnableHardwareGapControl), (102 bytes).
    Removing stm32h7xx_hal_fdcan.o(i.HAL_FDCAN_TT_EnableRegisterTimeMarkPulse), (82 bytes).
    Removing stm32h7xx_hal_fdcan.o(i.HAL_FDCAN_TT_EnableTimeMarkGapControl), (102 bytes).
    Removing stm32h7xx_hal_fdcan.o(i.HAL_FDCAN_TT_EnableTriggerTimeMarkPulse), (102 bytes).
    Removing stm32h7xx_hal_fdcan.o(i.HAL_FDCAN_TT_GetOperationStatus), (92 bytes).
    Removing stm32h7xx_hal_fdcan.o(i.HAL_FDCAN_TT_SetClockSynchronization), (134 bytes).
    Removing stm32h7xx_hal_fdcan.o(i.HAL_FDCAN_TT_SetEndOfGap), (108 bytes).
    Removing stm32h7xx_hal_fdcan.o(i.HAL_FDCAN_TT_SetGlobalTime), (130 bytes).
    Removing stm32h7xx_hal_fdcan.o(i.HAL_FDCAN_TT_SetNextIsGap), (108 bytes).
    Removing stm32h7xx_hal_dma.o(.rev16_text), (4 bytes).
    Removing stm32h7xx_hal_dma.o(.revsh_text), (4 bytes).
    Removing stm32h7xx_hal_dma.o(.rrx_text), (6 bytes).
    Removing stm32h7xx_hal_dma.o(i.DMA_CalcBaseAndBitshift), (40 bytes).
    Removing stm32h7xx_hal_dma.o(i.DMA_CalcDMAMUXChannelBaseAndMask), (92 bytes).
    Removing stm32h7xx_hal_dma.o(i.DMA_CalcDMAMUXRequestGenBaseAndMask), (64 bytes).
    Removing stm32h7xx_hal_dma.o(i.DMA_CheckFifoParam), (84 bytes).
    Removing stm32h7xx_hal_dma.o(i.DMA_SetConfig), (120 bytes).
    Removing stm32h7xx_hal_dma.o(i.HAL_DMA_Abort), (228 bytes).
    Removing stm32h7xx_hal_dma.o(i.HAL_DMA_Abort_IT), (148 bytes).
    Removing stm32h7xx_hal_dma.o(i.HAL_DMA_DeInit), (200 bytes).
    Removing stm32h7xx_hal_dma.o(i.HAL_DMA_GetError), (4 bytes).
    Removing stm32h7xx_hal_dma.o(i.HAL_DMA_GetState), (6 bytes).
    Removing stm32h7xx_hal_dma.o(i.HAL_DMA_IRQHandler), (708 bytes).
    Removing stm32h7xx_hal_dma.o(i.HAL_DMA_Init), (420 bytes).
    Removing stm32h7xx_hal_dma.o(i.HAL_DMA_PollForTransfer), (500 bytes).
    Removing stm32h7xx_hal_dma.o(i.HAL_DMA_RegisterCallback), (88 bytes).
    Removing stm32h7xx_hal_dma.o(i.HAL_DMA_Start), (102 bytes).
    Removing stm32h7xx_hal_dma.o(i.HAL_DMA_Start_IT), (208 bytes).
    Removing stm32h7xx_hal_dma.o(i.HAL_DMA_UnRegisterCallback), (104 bytes).
    Removing stm32h7xx_hal_dma.o(.constdata), (8 bytes).
    Removing stm32h7xx_hal_i2c.o(.rev16_text), (4 bytes).
    Removing stm32h7xx_hal_i2c.o(.revsh_text), (4 bytes).
    Removing stm32h7xx_hal_i2c.o(.rrx_text), (6 bytes).
    Removing stm32h7xx_hal_i2c.o(i.HAL_I2C_AbortCpltCallback), (2 bytes).
    Removing stm32h7xx_hal_i2c.o(i.HAL_I2C_AddrCallback), (2 bytes).
    Removing stm32h7xx_hal_i2c.o(i.HAL_I2C_DeInit), (52 bytes).
    Removing stm32h7xx_hal_i2c.o(i.HAL_I2C_DisableListen_IT), (54 bytes).
    Removing stm32h7xx_hal_i2c.o(i.HAL_I2C_ER_IRQHandler), (98 bytes).
    Removing stm32h7xx_hal_i2c.o(i.HAL_I2C_EV_IRQHandler), (16 bytes).
    Removing stm32h7xx_hal_i2c.o(i.HAL_I2C_EnableListen_IT), (40 bytes).
    Removing stm32h7xx_hal_i2c.o(i.HAL_I2C_ErrorCallback), (2 bytes).
    Removing stm32h7xx_hal_i2c.o(i.HAL_I2C_GetError), (4 bytes).
    Removing stm32h7xx_hal_i2c.o(i.HAL_I2C_GetMode), (6 bytes).
    Removing stm32h7xx_hal_i2c.o(i.HAL_I2C_GetState), (6 bytes).
    Removing stm32h7xx_hal_i2c.o(i.HAL_I2C_Init), (184 bytes).
    Removing stm32h7xx_hal_i2c.o(i.HAL_I2C_IsDeviceReady), (288 bytes).
    Removing stm32h7xx_hal_i2c.o(i.HAL_I2C_ListenCpltCallback), (2 bytes).
    Removing stm32h7xx_hal_i2c.o(i.HAL_I2C_MasterRxCpltCallback), (2 bytes).
    Removing stm32h7xx_hal_i2c.o(i.HAL_I2C_MasterTxCpltCallback), (2 bytes).
    Removing stm32h7xx_hal_i2c.o(i.HAL_I2C_Master_Abort_IT), (96 bytes).
    Removing stm32h7xx_hal_i2c.o(i.HAL_I2C_Master_Receive), (304 bytes).
    Removing stm32h7xx_hal_i2c.o(i.HAL_I2C_Master_Receive_DMA), (244 bytes).
    Removing stm32h7xx_hal_i2c.o(i.HAL_I2C_Master_Receive_IT), (132 bytes).
    Removing stm32h7xx_hal_i2c.o(i.HAL_I2C_Master_Sequential_Receive_IT), (124 bytes).
    Removing stm32h7xx_hal_i2c.o(i.HAL_I2C_Master_Sequential_Transmit_IT), (124 bytes).
    Removing stm32h7xx_hal_i2c.o(i.HAL_I2C_Master_Transmit), (300 bytes).
    Removing stm32h7xx_hal_i2c.o(i.HAL_I2C_Master_Transmit_DMA), (248 bytes).
    Removing stm32h7xx_hal_i2c.o(i.HAL_I2C_Master_Transmit_IT), (132 bytes).
    Removing stm32h7xx_hal_i2c.o(i.HAL_I2C_MemRxCpltCallback), (2 bytes).
    Removing stm32h7xx_hal_i2c.o(i.HAL_I2C_MemTxCpltCallback), (2 bytes).
    Removing stm32h7xx_hal_i2c.o(i.HAL_I2C_Mem_Read), (368 bytes).
    Removing stm32h7xx_hal_i2c.o(i.HAL_I2C_Mem_Read_DMA), (256 bytes).
    Removing stm32h7xx_hal_i2c.o(i.HAL_I2C_Mem_Read_IT), (196 bytes).
    Removing stm32h7xx_hal_i2c.o(i.HAL_I2C_Mem_Write), (360 bytes).
    Removing stm32h7xx_hal_i2c.o(i.HAL_I2C_Mem_Write_DMA), (252 bytes).
    Removing stm32h7xx_hal_i2c.o(i.HAL_I2C_Mem_Write_IT), (192 bytes).
    Removing stm32h7xx_hal_i2c.o(i.HAL_I2C_MspDeInit), (2 bytes).
    Removing stm32h7xx_hal_i2c.o(i.HAL_I2C_MspInit), (2 bytes).
    Removing stm32h7xx_hal_i2c.o(i.HAL_I2C_SlaveRxCpltCallback), (2 bytes).
    Removing stm32h7xx_hal_i2c.o(i.HAL_I2C_SlaveTxCpltCallback), (2 bytes).
    Removing stm32h7xx_hal_i2c.o(i.HAL_I2C_Slave_Receive), (312 bytes).
    Removing stm32h7xx_hal_i2c.o(i.HAL_I2C_Slave_Receive_DMA), (164 bytes).
    Removing stm32h7xx_hal_i2c.o(i.HAL_I2C_Slave_Receive_IT), (92 bytes).
    Removing stm32h7xx_hal_i2c.o(i.HAL_I2C_Slave_Sequential_Receive_IT), (152 bytes).
    Removing stm32h7xx_hal_i2c.o(i.HAL_I2C_Slave_Sequential_Transmit_IT), (152 bytes).
    Removing stm32h7xx_hal_i2c.o(i.HAL_I2C_Slave_Transmit), (316 bytes).
    Removing stm32h7xx_hal_i2c.o(i.HAL_I2C_Slave_Transmit_DMA), (156 bytes).
    Removing stm32h7xx_hal_i2c.o(i.HAL_I2C_Slave_Transmit_IT), (92 bytes).
    Removing stm32h7xx_hal_i2c.o(i.I2C_DMAAbort), (50 bytes).
    Removing stm32h7xx_hal_i2c.o(i.I2C_DMAError), (18 bytes).
    Removing stm32h7xx_hal_i2c.o(i.I2C_DMAMasterReceiveCplt), (66 bytes).
    Removing stm32h7xx_hal_i2c.o(i.I2C_DMAMasterTransmitCplt), (66 bytes).
    Removing stm32h7xx_hal_i2c.o(i.I2C_DMASlaveReceiveCplt), (2 bytes).
    Removing stm32h7xx_hal_i2c.o(i.I2C_DMASlaveTransmitCplt), (2 bytes).
    Removing stm32h7xx_hal_i2c.o(i.I2C_Disable_IRQ), (88 bytes).
    Removing stm32h7xx_hal_i2c.o(i.I2C_Enable_IRQ), (96 bytes).
    Removing stm32h7xx_hal_i2c.o(i.I2C_Flush_TXDR), (34 bytes).
    Removing stm32h7xx_hal_i2c.o(i.I2C_ITAddrCplt), (136 bytes).
    Removing stm32h7xx_hal_i2c.o(i.I2C_ITError), (224 bytes).
    Removing stm32h7xx_hal_i2c.o(i.I2C_ITListenCplt), (96 bytes).
    Removing stm32h7xx_hal_i2c.o(i.I2C_ITMasterCplt), (180 bytes).
    Removing stm32h7xx_hal_i2c.o(i.I2C_ITMasterSequentialCplt), (80 bytes).
    Removing stm32h7xx_hal_i2c.o(i.I2C_ITSlaveCplt), (240 bytes).
    Removing stm32h7xx_hal_i2c.o(i.I2C_ITSlaveSequentialCplt), (84 bytes).
    Removing stm32h7xx_hal_i2c.o(i.I2C_IsAcknowledgeFailed), (124 bytes).
    Removing stm32h7xx_hal_i2c.o(i.I2C_Master_ISR_DMA), (196 bytes).
    Removing stm32h7xx_hal_i2c.o(i.I2C_Master_ISR_IT), (288 bytes).
    Removing stm32h7xx_hal_i2c.o(i.I2C_RequestMemoryRead), (112 bytes).
    Removing stm32h7xx_hal_i2c.o(i.I2C_RequestMemoryWrite), (112 bytes).
    Removing stm32h7xx_hal_i2c.o(i.I2C_Slave_ISR_DMA), (104 bytes).
    Removing stm32h7xx_hal_i2c.o(i.I2C_Slave_ISR_IT), (276 bytes).
    Removing stm32h7xx_hal_i2c.o(i.I2C_TransferConfig), (44 bytes).
    Removing stm32h7xx_hal_i2c.o(i.I2C_WaitOnFlagUntilTimeout), (82 bytes).
    Removing stm32h7xx_hal_i2c.o(i.I2C_WaitOnRXNEFlagUntilTimeout), (128 bytes).
    Removing stm32h7xx_hal_i2c.o(i.I2C_WaitOnSTOPFlagUntilTimeout), (80 bytes).
    Removing stm32h7xx_hal_i2c.o(i.I2C_WaitOnTXISFlagUntilTimeout), (84 bytes).
    Removing stm32h7xx_hal_rcc.o(.rev16_text), (4 bytes).
    Removing stm32h7xx_hal_rcc.o(.revsh_text), (4 bytes).
    Removing stm32h7xx_hal_rcc.o(.rrx_text), (6 bytes).
    Removing stm32h7xx_hal_rcc.o(i.HAL_RCC_CSSCallback), (2 bytes).
    Removing stm32h7xx_hal_rcc.o(i.HAL_RCC_DeInit), (100 bytes).
    Removing stm32h7xx_hal_rcc.o(i.HAL_RCC_EnableCSS), (16 bytes).
    Removing stm32h7xx_hal_rcc.o(i.HAL_RCC_GetClockConfig), (92 bytes).
    Removing stm32h7xx_hal_rcc.o(i.HAL_RCC_GetHCLKFreq), (52 bytes).
    Removing stm32h7xx_hal_rcc.o(i.HAL_RCC_GetOscConfig), (368 bytes).
    Removing stm32h7xx_hal_rcc.o(i.HAL_RCC_GetPCLK1Freq), (44 bytes).
    Removing stm32h7xx_hal_rcc.o(i.HAL_RCC_GetPCLK2Freq), (44 bytes).
    Removing stm32h7xx_hal_rcc.o(i.HAL_RCC_MCOConfig), (148 bytes).
    Removing stm32h7xx_hal_rcc.o(i.HAL_RCC_NMI_IRQHandler), (32 bytes).
    Removing stm32h7xx_hal.o(.rev16_text), (4 bytes).
    Removing stm32h7xx_hal.o(.revsh_text), (4 bytes).
    Removing stm32h7xx_hal.o(.rrx_text), (6 bytes).
    Removing stm32h7xx_hal.o(i.HAL_DBGMCU_DisableDBGSleepMode), (16 bytes).
    Removing stm32h7xx_hal.o(i.HAL_DBGMCU_DisableDBGStandbyMode), (16 bytes).
    Removing stm32h7xx_hal.o(i.HAL_DBGMCU_DisableDBGStopMode), (16 bytes).
    Removing stm32h7xx_hal.o(i.HAL_DBGMCU_EnableDBGSleepMode), (16 bytes).
    Removing stm32h7xx_hal.o(i.HAL_DBGMCU_EnableDBGStandbyMode), (16 bytes).
    Removing stm32h7xx_hal.o(i.HAL_DBGMCU_EnableDBGStopMode), (16 bytes).
    Removing stm32h7xx_hal.o(i.HAL_DeInit), (76 bytes).
    Removing stm32h7xx_hal.o(i.HAL_DisableCompensationCell), (16 bytes).
    Removing stm32h7xx_hal.o(i.HAL_DisableDomain3DBGStandbyMode), (16 bytes).
    Removing stm32h7xx_hal.o(i.HAL_DisableDomain3DBGStopMode), (16 bytes).
    Removing stm32h7xx_hal.o(i.HAL_EXTI_D1_ClearFlag), (26 bytes).
    Removing stm32h7xx_hal.o(i.HAL_EXTI_D1_EventInputConfig), (66 bytes).
    Removing stm32h7xx_hal.o(i.HAL_EXTI_D3_EventInputConfig), (72 bytes).
    Removing stm32h7xx_hal.o(i.HAL_EXTI_EdgeConfig), (58 bytes).
    Removing stm32h7xx_hal.o(i.HAL_EXTI_GenerateSWInterrupt), (24 bytes).
    Removing stm32h7xx_hal.o(i.HAL_EnableCompensationCell), (16 bytes).
    Removing stm32h7xx_hal.o(i.HAL_EnableDomain3DBGStandbyMode), (16 bytes).
    Removing stm32h7xx_hal.o(i.HAL_EnableDomain3DBGStopMode), (16 bytes).
    Removing stm32h7xx_hal.o(i.HAL_GetDEVID), (16 bytes).
    Removing stm32h7xx_hal.o(i.HAL_GetFMCMemorySwappingConfig), (16 bytes).
    Removing stm32h7xx_hal.o(i.HAL_GetHalVersion), (8 bytes).
    Removing stm32h7xx_hal.o(i.HAL_GetREVID), (12 bytes).
    Removing stm32h7xx_hal.o(i.HAL_GetTickFreq), (12 bytes).
    Removing stm32h7xx_hal.o(i.HAL_GetTickPrio), (12 bytes).
    Removing stm32h7xx_hal.o(i.HAL_MspDeInit), (2 bytes).
    Removing stm32h7xx_hal.o(i.HAL_MspInit), (2 bytes).
    Removing stm32h7xx_hal.o(i.HAL_ResumeTick), (14 bytes).
    Removing stm32h7xx_hal.o(i.HAL_SYSCFG_AnalogSwitchConfig), (16 bytes).
    Removing stm32h7xx_hal.o(i.HAL_SYSCFG_CM7BootAddConfig), (56 bytes).
    Removing stm32h7xx_hal.o(i.HAL_SYSCFG_CompensationCodeConfig), (24 bytes).
    Removing stm32h7xx_hal.o(i.HAL_SYSCFG_CompensationCodeSelect), (20 bytes).
    Removing stm32h7xx_hal.o(i.HAL_SYSCFG_DisableBOOST), (16 bytes).
    Removing stm32h7xx_hal.o(i.HAL_SYSCFG_DisableIOSpeedOptimize), (16 bytes).
    Removing stm32h7xx_hal.o(i.HAL_SYSCFG_DisableVREFBUF), (16 bytes).
    Removing stm32h7xx_hal.o(i.HAL_SYSCFG_ETHInterfaceSelect), (20 bytes).
    Removing stm32h7xx_hal.o(i.HAL_SYSCFG_EnableBOOST), (16 bytes).
    Removing stm32h7xx_hal.o(i.HAL_SYSCFG_EnableIOSpeedOptimize), (16 bytes).
    Removing stm32h7xx_hal.o(i.HAL_SYSCFG_EnableVREFBUF), (48 bytes).
    Removing stm32h7xx_hal.o(i.HAL_SYSCFG_VREFBUF_HighImpedanceConfig), (20 bytes).
    Removing stm32h7xx_hal.o(i.HAL_SYSCFG_VREFBUF_TrimmingConfig), (20 bytes).
    Removing stm32h7xx_hal.o(i.HAL_SYSCFG_VREFBUF_VoltageScalingConfig), (20 bytes).
    Removing stm32h7xx_hal.o(i.HAL_SetFMCMemorySwappingConfig), (20 bytes).
    Removing stm32h7xx_hal.o(i.HAL_SetTickFreq), (32 bytes).
    Removing stm32h7xx_hal.o(i.HAL_SuspendTick), (14 bytes).
    Removing stm32h7xx_hal_adc.o(.rev16_text), (4 bytes).
    Removing stm32h7xx_hal_adc.o(.revsh_text), (4 bytes).
    Removing stm32h7xx_hal_adc.o(.rrx_text), (6 bytes).
    Removing stm32h7xx_hal_adc.o(i.ADC_ConversionStop), (188 bytes).
    Removing stm32h7xx_hal_adc.o(i.ADC_DMAConvCplt), (88 bytes).
    Removing stm32h7xx_hal_adc.o(i.ADC_DMAError), (26 bytes).
    Removing stm32h7xx_hal_adc.o(i.ADC_DMAHalfConvCplt), (10 bytes).
    Removing stm32h7xx_hal_adc.o(i.ADC_Disable), (98 bytes).
    Removing stm32h7xx_hal_adc.o(i.ADC_Enable), (104 bytes).
    Removing stm32h7xx_hal_adc.o(i.HAL_ADC_AnalogWDGConfig), (420 bytes).
    Removing stm32h7xx_hal_adc.o(i.HAL_ADC_ConfigChannel), (1236 bytes).
    Removing stm32h7xx_hal_adc.o(i.HAL_ADC_ConvCpltCallback), (2 bytes).
    Removing stm32h7xx_hal_adc.o(i.HAL_ADC_ConvHalfCpltCallback), (2 bytes).
    Removing stm32h7xx_hal_adc.o(i.HAL_ADC_DeInit), (620 bytes).
    Removing stm32h7xx_hal_adc.o(i.HAL_ADC_ErrorCallback), (2 bytes).
    Removing stm32h7xx_hal_adc.o(i.HAL_ADC_GetError), (4 bytes).
    Removing stm32h7xx_hal_adc.o(i.HAL_ADC_GetState), (4 bytes).
    Removing stm32h7xx_hal_adc.o(i.HAL_ADC_GetValue), (6 bytes).
    Removing stm32h7xx_hal_adc.o(i.HAL_ADC_IRQHandler), (680 bytes).
    Removing stm32h7xx_hal_adc.o(i.HAL_ADC_Init), (628 bytes).
    Removing stm32h7xx_hal_adc.o(i.HAL_ADC_LevelOutOfWindowCallback), (2 bytes).
    Removing stm32h7xx_hal_adc.o(i.HAL_ADC_MspDeInit), (2 bytes).
    Removing stm32h7xx_hal_adc.o(i.HAL_ADC_MspInit), (2 bytes).
    Removing stm32h7xx_hal_adc.o(i.HAL_ADC_PollForConversion), (316 bytes).
    Removing stm32h7xx_hal_adc.o(i.HAL_ADC_PollForEvent), (188 bytes).
    Removing stm32h7xx_hal_adc.o(i.HAL_ADC_Start), (240 bytes).
    Removing stm32h7xx_hal_adc.o(i.HAL_ADC_Start_DMA), (256 bytes).
    Removing stm32h7xx_hal_adc.o(i.HAL_ADC_Start_IT), (368 bytes).
    Removing stm32h7xx_hal_adc.o(i.HAL_ADC_Stop), (62 bytes).
    Removing stm32h7xx_hal_adc.o(i.HAL_ADC_Stop_DMA), (116 bytes).
    Removing stm32h7xx_hal_adc.o(i.HAL_ADC_Stop_IT), (72 bytes).
    Removing stm32h7xx_hal_gpio.o(.rev16_text), (4 bytes).
    Removing stm32h7xx_hal_gpio.o(.revsh_text), (4 bytes).
    Removing stm32h7xx_hal_gpio.o(.rrx_text), (6 bytes).
    Removing stm32h7xx_hal_gpio.o(i.HAL_GPIO_DeInit), (340 bytes).
    Removing stm32h7xx_hal_gpio.o(i.HAL_GPIO_EXTI_Callback), (2 bytes).
    Removing stm32h7xx_hal_gpio.o(i.HAL_GPIO_EXTI_IRQHandler), (24 bytes).
    Removing stm32h7xx_hal_gpio.o(i.HAL_GPIO_LockPin), (34 bytes).
    Removing stm32h7xx_hal_gpio.o(i.HAL_GPIO_ReadPin), (10 bytes).
    Removing stm32h7xx_hal_cortex.o(.rev16_text), (4 bytes).
    Removing stm32h7xx_hal_cortex.o(.revsh_text), (4 bytes).
    Removing stm32h7xx_hal_cortex.o(.rrx_text), (6 bytes).
    Removing stm32h7xx_hal_cortex.o(i.HAL_GetCurrentCPUID), (4 bytes).
    Removing stm32h7xx_hal_cortex.o(i.HAL_MPU_ConfigRegion), (92 bytes).
    Removing stm32h7xx_hal_cortex.o(i.HAL_MPU_Disable), (28 bytes).
    Removing stm32h7xx_hal_cortex.o(i.HAL_MPU_Enable), (36 bytes).
    Removing stm32h7xx_hal_cortex.o(i.HAL_NVIC_ClearPendingIRQ), (26 bytes).
    Removing stm32h7xx_hal_cortex.o(i.HAL_NVIC_DisableIRQ), (34 bytes).
    Removing stm32h7xx_hal_cortex.o(i.HAL_NVIC_GetActive), (36 bytes).
    Removing stm32h7xx_hal_cortex.o(i.HAL_NVIC_GetPendingIRQ), (36 bytes).
    Removing stm32h7xx_hal_cortex.o(i.HAL_NVIC_GetPriority), (82 bytes).
    Removing stm32h7xx_hal_cortex.o(i.HAL_NVIC_GetPriorityGrouping), (16 bytes).
    Removing stm32h7xx_hal_cortex.o(i.HAL_NVIC_SetPendingIRQ), (26 bytes).
    Removing stm32h7xx_hal_cortex.o(i.HAL_NVIC_SystemReset), (36 bytes).
    Removing stm32h7xx_hal_cortex.o(i.HAL_SYSTICK_CLKSourceConfig), (24 bytes).
    Removing stm32h7xx_hal_cortex.o(i.HAL_SYSTICK_Callback), (2 bytes).
    Removing stm32h7xx_hal_cortex.o(i.HAL_SYSTICK_IRQHandler), (8 bytes).
    Removing stm32h7xx_hal_adc_ex.o(.rev16_text), (4 bytes).
    Removing stm32h7xx_hal_adc_ex.o(.revsh_text), (4 bytes).
    Removing stm32h7xx_hal_adc_ex.o(.rrx_text), (6 bytes).
    Removing stm32h7xx_hal_adc_ex.o(i.HAL_ADCEx_Calibration_GetValue), (40 bytes).
    Removing stm32h7xx_hal_adc_ex.o(i.HAL_ADCEx_Calibration_SetValue), (136 bytes).
    Removing stm32h7xx_hal_adc_ex.o(i.HAL_ADCEx_Calibration_Start), (158 bytes).
    Removing stm32h7xx_hal_adc_ex.o(i.HAL_ADCEx_DisableInjectedQueue), (26 bytes).
    Removing stm32h7xx_hal_adc_ex.o(i.HAL_ADCEx_DisableVoltageRegulator), (34 bytes).
    Removing stm32h7xx_hal_adc_ex.o(i.HAL_ADCEx_EnableInjectedQueue), (34 bytes).
    Removing stm32h7xx_hal_adc_ex.o(i.HAL_ADCEx_EndOfSamplingCallback), (2 bytes).
    Removing stm32h7xx_hal_adc_ex.o(i.HAL_ADCEx_EnterADCDeepPowerDownMode), (34 bytes).
    Removing stm32h7xx_hal_adc_ex.o(i.HAL_ADCEx_InjectedConfigChannel), (1320 bytes).
    Removing stm32h7xx_hal_adc_ex.o(i.HAL_ADCEx_InjectedConvCpltCallback), (2 bytes).
    Removing stm32h7xx_hal_adc_ex.o(i.HAL_ADCEx_InjectedGetValue), (38 bytes).
    Removing stm32h7xx_hal_adc_ex.o(i.HAL_ADCEx_InjectedPollForConversion), (292 bytes).
    Removing stm32h7xx_hal_adc_ex.o(i.HAL_ADCEx_InjectedQueueOverflowCallback), (2 bytes).
    Removing stm32h7xx_hal_adc_ex.o(i.HAL_ADCEx_InjectedStart), (236 bytes).
    Removing stm32h7xx_hal_adc_ex.o(i.HAL_ADCEx_InjectedStart_IT), (292 bytes).
    Removing stm32h7xx_hal_adc_ex.o(i.HAL_ADCEx_InjectedStop), (78 bytes).
    Removing stm32h7xx_hal_adc_ex.o(i.HAL_ADCEx_InjectedStop_IT), (88 bytes).
    Removing stm32h7xx_hal_adc_ex.o(i.HAL_ADCEx_LevelOutOfWindow2Callback), (2 bytes).
    Removing stm32h7xx_hal_adc_ex.o(i.HAL_ADCEx_LevelOutOfWindow3Callback), (2 bytes).
    Removing stm32h7xx_hal_adc_ex.o(i.HAL_ADCEx_LinearCalibration_GetValue), (76 bytes).
    Removing stm32h7xx_hal_adc_ex.o(i.HAL_ADCEx_LinearCalibration_SetValue), (164 bytes).
    Removing stm32h7xx_hal_adc_ex.o(i.HAL_ADCEx_MultiModeConfigChannel), (232 bytes).
    Removing stm32h7xx_hal_adc_ex.o(i.HAL_ADCEx_MultiModeGetValue), (12 bytes).
    Removing stm32h7xx_hal_adc_ex.o(i.HAL_ADCEx_MultiModeStart_DMA), (204 bytes).
    Removing stm32h7xx_hal_adc_ex.o(i.HAL_ADCEx_MultiModeStop_DMA), (204 bytes).
    Removing stm32h7xx_hal_adc_ex.o(i.HAL_ADCEx_RegularMultiModeStop_DMA), (216 bytes).
    Removing stm32h7xx_hal_adc_ex.o(i.HAL_ADCEx_RegularStop), (86 bytes).
    Removing stm32h7xx_hal_adc_ex.o(i.HAL_ADCEx_RegularStop_DMA), (138 bytes).
    Removing stm32h7xx_hal_adc_ex.o(i.HAL_ADCEx_RegularStop_IT), (96 bytes).
    Removing stm32h7xx_hal_pwr.o(.rev16_text), (4 bytes).
    Removing stm32h7xx_hal_pwr.o(.revsh_text), (4 bytes).
    Removing stm32h7xx_hal_pwr.o(.rrx_text), (6 bytes).
    Removing stm32h7xx_hal_pwr.o(i.HAL_PWR_ConfigPVD), (132 bytes).
    Removing stm32h7xx_hal_pwr.o(i.HAL_PWR_DeInit), (2 bytes).
    Removing stm32h7xx_hal_pwr.o(i.HAL_PWR_DisableBkUpAccess), (16 bytes).
    Removing stm32h7xx_hal_pwr.o(i.HAL_PWR_DisablePVD), (16 bytes).
    Removing stm32h7xx_hal_pwr.o(i.HAL_PWR_DisableSEVOnPend), (16 bytes).
    Removing stm32h7xx_hal_pwr.o(i.HAL_PWR_DisableSleepOnExit), (16 bytes).
    Removing stm32h7xx_hal_pwr.o(i.HAL_PWR_DisableWakeUpPin), (16 bytes).
    Removing stm32h7xx_hal_pwr.o(i.HAL_PWR_EnableBkUpAccess), (16 bytes).
    Removing stm32h7xx_hal_pwr.o(i.HAL_PWR_EnablePVD), (16 bytes).
    Removing stm32h7xx_hal_pwr.o(i.HAL_PWR_EnableSEVOnPend), (16 bytes).
    Removing stm32h7xx_hal_pwr.o(i.HAL_PWR_EnableSleepOnExit), (16 bytes).
    Removing stm32h7xx_hal_pwr.o(i.HAL_PWR_EnableWakeUpPin), (24 bytes).
    Removing stm32h7xx_hal_pwr.o(i.HAL_PWR_EnterSLEEPMode), (32 bytes).
    Removing stm32h7xx_hal_pwr.o(i.HAL_PWR_EnterSTANDBYMode), (48 bytes).
    Removing stm32h7xx_hal_pwr.o(i.HAL_PWR_EnterSTOPMode), (92 bytes).
    Removing stm32h7xx_hal_pwr.o(i.HAL_PWR_PVDCallback), (2 bytes).
    Removing stm32h7xx_hal_pwr.o(i.HAL_PWR_PVD_IRQHandler), (32 bytes).
    Removing stm32h7xx_hal_uart.o(.rev16_text), (4 bytes).
    Removing stm32h7xx_hal_uart.o(.revsh_text), (4 bytes).
    Removing stm32h7xx_hal_uart.o(.rrx_text), (6 bytes).
    Removing stm32h7xx_hal_uart.o(i.HAL_HalfDuplex_EnableReceiver), (62 bytes).
    Removing stm32h7xx_hal_uart.o(i.HAL_HalfDuplex_EnableTransmitter), (62 bytes).
    Removing stm32h7xx_hal_uart.o(i.HAL_HalfDuplex_Init), (116 bytes).
    Removing stm32h7xx_hal_uart.o(i.HAL_LIN_Init), (140 bytes).
    Removing stm32h7xx_hal_uart.o(i.HAL_LIN_SendBreak), (50 bytes).
    Removing stm32h7xx_hal_uart.o(i.HAL_MultiProcessor_DisableMuteMode), (44 bytes).
    Removing stm32h7xx_hal_uart.o(i.HAL_MultiProcessor_EnableMuteMode), (44 bytes).
    Removing stm32h7xx_hal_uart.o(i.HAL_MultiProcessor_EnterMuteMode), (12 bytes).
    Removing stm32h7xx_hal_uart.o(i.HAL_MultiProcessor_Init), (138 bytes).
    Removing stm32h7xx_hal_uart.o(i.HAL_UART_Abort), (116 bytes).
    Removing stm32h7xx_hal_uart.o(i.HAL_UART_AbortCpltCallback), (2 bytes).
    Removing stm32h7xx_hal_uart.o(i.HAL_UART_AbortReceive), (80 bytes).
    Removing stm32h7xx_hal_uart.o(i.HAL_UART_AbortReceiveCpltCallback), (2 bytes).
    Removing stm32h7xx_hal_uart.o(i.HAL_UART_AbortReceive_IT), (108 bytes).
    Removing stm32h7xx_hal_uart.o(i.HAL_UART_AbortTransmit), (68 bytes).
    Removing stm32h7xx_hal_uart.o(i.HAL_UART_AbortTransmitCpltCallback), (2 bytes).
    Removing stm32h7xx_hal_uart.o(i.HAL_UART_AbortTransmit_IT), (92 bytes).
    Removing stm32h7xx_hal_uart.o(i.HAL_UART_Abort_IT), (184 bytes).
    Removing stm32h7xx_hal_uart.o(i.HAL_UART_DMAPause), (98 bytes).
    Removing stm32h7xx_hal_uart.o(i.HAL_UART_DMAResume), (92 bytes).
    Removing stm32h7xx_hal_uart.o(i.HAL_UART_DMAStop), (84 bytes).
    Removing stm32h7xx_hal_uart.o(i.HAL_UART_DeInit), (64 bytes).
    Removing stm32h7xx_hal_uart.o(i.HAL_UART_ErrorCallback), (2 bytes).
    Removing stm32h7xx_hal_uart.o(i.HAL_UART_GetError), (4 bytes).
    Removing stm32h7xx_hal_uart.o(i.HAL_UART_GetState), (12 bytes).
    Removing stm32h7xx_hal_uart.o(i.HAL_UART_IRQHandler), (384 bytes).
    Removing stm32h7xx_hal_uart.o(i.HAL_UART_Init), (106 bytes).
    Removing stm32h7xx_hal_uart.o(i.HAL_UART_MspDeInit), (2 bytes).
    Removing stm32h7xx_hal_uart.o(i.HAL_UART_MspInit), (2 bytes).
    Removing stm32h7xx_hal_uart.o(i.HAL_UART_Receive), (232 bytes).
    Removing stm32h7xx_hal_uart.o(i.HAL_UART_Receive_DMA), (144 bytes).
    Removing stm32h7xx_hal_uart.o(i.HAL_UART_Receive_IT), (168 bytes).
    Removing stm32h7xx_hal_uart.o(i.HAL_UART_RxCpltCallback), (2 bytes).
    Removing stm32h7xx_hal_uart.o(i.HAL_UART_RxHalfCpltCallback), (2 bytes).
    Removing stm32h7xx_hal_uart.o(i.HAL_UART_Transmit), (182 bytes).
    Removing stm32h7xx_hal_uart.o(i.HAL_UART_Transmit_DMA), (140 bytes).
    Removing stm32h7xx_hal_uart.o(i.HAL_UART_Transmit_IT), (82 bytes).
    Removing stm32h7xx_hal_uart.o(i.HAL_UART_TxCpltCallback), (2 bytes).
    Removing stm32h7xx_hal_uart.o(i.HAL_UART_TxHalfCpltCallback), (2 bytes).
    Removing stm32h7xx_hal_uart.o(i.UART_AdvFeatureConfig), (200 bytes).
    Removing stm32h7xx_hal_uart.o(i.UART_CheckIdleState), (92 bytes).
    Removing stm32h7xx_hal_uart.o(i.UART_DMAAbortOnError), (20 bytes).
    Removing stm32h7xx_hal_uart.o(i.UART_DMAError), (82 bytes).
    Removing stm32h7xx_hal_uart.o(i.UART_DMAReceiveCplt), (60 bytes).
    Removing stm32h7xx_hal_uart.o(i.UART_DMARxAbortCallback), (52 bytes).
    Removing stm32h7xx_hal_uart.o(i.UART_DMARxHalfCplt), (10 bytes).
    Removing stm32h7xx_hal_uart.o(i.UART_DMARxOnlyAbortCallback), (28 bytes).
    Removing stm32h7xx_hal_uart.o(i.UART_DMATransmitCplt), (46 bytes).
    Removing stm32h7xx_hal_uart.o(i.UART_DMATxAbortCallback), (52 bytes).
    Removing stm32h7xx_hal_uart.o(i.UART_DMATxHalfCplt), (10 bytes).
    Removing stm32h7xx_hal_uart.o(i.UART_DMATxOnlyAbortCallback), (22 bytes).
    Removing stm32h7xx_hal_uart.o(i.UART_EndRxTransfer), (28 bytes).
    Removing stm32h7xx_hal_uart.o(i.UART_EndTxTransfer), (18 bytes).
    Removing stm32h7xx_hal_uart.o(i.UART_Receive_IT), (118 bytes).
    Removing stm32h7xx_hal_uart.o(i.UART_SetConfig), (1256 bytes).
    Removing stm32h7xx_hal_uart.o(i.UART_Transmit_IT), (118 bytes).
    Removing stm32h7xx_hal_uart.o(i.UART_WaitOnFlagUntilTimeout), (100 bytes).
    Removing stm32h7xx_hal_uart.o(.constdata), (24 bytes).
    Removing stm32h7xx_hal_rcc_ex.o(.rev16_text), (4 bytes).
    Removing stm32h7xx_hal_rcc_ex.o(.revsh_text), (4 bytes).
    Removing stm32h7xx_hal_rcc_ex.o(.rrx_text), (6 bytes).
    Removing stm32h7xx_hal_rcc_ex.o(i.HAL_RCCEx_CRSConfig), (104 bytes).
    Removing stm32h7xx_hal_rcc_ex.o(i.HAL_RCCEx_CRSGetSynchronizationInfo), (76 bytes).
    Removing stm32h7xx_hal_rcc_ex.o(i.HAL_RCCEx_CRSSoftwareSynchronizationGenerate), (16 bytes).
    Removing stm32h7xx_hal_rcc_ex.o(i.HAL_RCCEx_CRSWaitSynchronization), (136 bytes).
    Removing stm32h7xx_hal_rcc_ex.o(i.HAL_RCCEx_CRS_ErrorCallback), (2 bytes).
    Removing stm32h7xx_hal_rcc_ex.o(i.HAL_RCCEx_CRS_ExpectedSyncCallback), (2 bytes).
    Removing stm32h7xx_hal_rcc_ex.o(i.HAL_RCCEx_CRS_IRQHandler), (116 bytes).
    Removing stm32h7xx_hal_rcc_ex.o(i.HAL_RCCEx_CRS_SyncOkCallback), (2 bytes).
    Removing stm32h7xx_hal_rcc_ex.o(i.HAL_RCCEx_CRS_SyncWarnCallback), (2 bytes).
    Removing stm32h7xx_hal_rcc_ex.o(i.HAL_RCCEx_DisableLSECSS), (28 bytes).
    Removing stm32h7xx_hal_rcc_ex.o(i.HAL_RCCEx_EnableLSECSS), (16 bytes).
    Removing stm32h7xx_hal_rcc_ex.o(i.HAL_RCCEx_GetD1PCLK1Freq), (44 bytes).
    Removing stm32h7xx_hal_rcc_ex.o(i.HAL_RCCEx_GetD1SysClockFreq), (52 bytes).
    Removing stm32h7xx_hal_rcc_ex.o(i.HAL_RCCEx_GetD3PCLK1Freq), (44 bytes).
    Removing stm32h7xx_hal_rcc_ex.o(i.HAL_RCCEx_GetPLL1ClockFreq), (288 bytes).
    Removing stm32h7xx_hal_rcc_ex.o(i.HAL_RCCEx_GetPLL2ClockFreq), (288 bytes).
    Removing stm32h7xx_hal_rcc_ex.o(i.HAL_RCCEx_GetPLL3ClockFreq), (288 bytes).
    Removing stm32h7xx_hal_rcc_ex.o(i.HAL_RCCEx_GetPeriphCLKConfig), (624 bytes).
    Removing stm32h7xx_hal_rcc_ex.o(i.HAL_RCCEx_GetPeriphCLKFreq), (360 bytes).
    Removing stm32h7xx_hal_rcc_ex.o(i.HAL_RCCEx_KerWakeUpStopCLKConfig), (20 bytes).
    Removing stm32h7xx_hal_rcc_ex.o(i.HAL_RCCEx_WWDGxSysResetConfig), (16 bytes).
    Removing stm32h7xx_hal_rcc_ex.o(i.HAL_RCCEx_WakeUpStopCLKConfig), (20 bytes).
    Removing stm32h7xx_hal_uart_ex.o(.rev16_text), (4 bytes).
    Removing stm32h7xx_hal_uart_ex.o(.revsh_text), (4 bytes).
    Removing stm32h7xx_hal_uart_ex.o(.rrx_text), (6 bytes).
    Removing stm32h7xx_hal_uart_ex.o(i.HAL_MultiProcessorEx_AddressLength_Set), (48 bytes).
    Removing stm32h7xx_hal_uart_ex.o(i.HAL_RS485Ex_Init), (140 bytes).
    Removing stm32h7xx_hal_uart_ex.o(i.HAL_UARTEx_DisableStopMode), (50 bytes).
    Removing stm32h7xx_hal_uart_ex.o(i.HAL_UARTEx_EnableStopMode), (50 bytes).
    Removing stm32h7xx_hal_uart_ex.o(i.HAL_UARTEx_StopModeWakeUpSourceConfig), (228 bytes).
    Removing stm32h7xx_hal_uart_ex.o(i.HAL_UARTEx_WakeupCallback), (2 bytes).
    Removing mfxstm32l152.o(i.mfxstm32l152_ClearGlobalIT), (8 bytes).
    Removing mfxstm32l152.o(i.mfxstm32l152_DeInit), (36 bytes).
    Removing mfxstm32l152.o(i.mfxstm32l152_DisableITSource), (28 bytes).
    Removing mfxstm32l152.o(i.mfxstm32l152_EnableITSource), (28 bytes).
    Removing mfxstm32l152.o(i.mfxstm32l152_Error_ClearIT), (6 bytes).
    Removing mfxstm32l152.o(i.mfxstm32l152_Error_DisableIT), (6 bytes).
    Removing mfxstm32l152.o(i.mfxstm32l152_Error_EnableIT), (20 bytes).
    Removing mfxstm32l152.o(i.mfxstm32l152_Error_GetITStatus), (14 bytes).
    Removing mfxstm32l152.o(i.mfxstm32l152_Error_ReadMsg), (8 bytes).
    Removing mfxstm32l152.o(i.mfxstm32l152_Error_ReadSrc), (8 bytes).
    Removing mfxstm32l152.o(i.mfxstm32l152_GetInstance), (28 bytes).
    Removing mfxstm32l152.o(i.mfxstm32l152_GlobalITStatus), (14 bytes).
    Removing mfxstm32l152.o(i.mfxstm32l152_IDD_ClearIT), (6 bytes).
    Removing mfxstm32l152.o(i.mfxstm32l152_IDD_Config), (374 bytes).
    Removing mfxstm32l152.o(i.mfxstm32l152_IDD_ConfigShuntNbLimit), (38 bytes).
    Removing mfxstm32l152.o(i.mfxstm32l152_IDD_DisableIT), (6 bytes).
    Removing mfxstm32l152.o(i.mfxstm32l152_IDD_EnableIT), (20 bytes).
    Removing mfxstm32l152.o(i.mfxstm32l152_IDD_GetITStatus), (14 bytes).
    Removing mfxstm32l152.o(i.mfxstm32l152_IDD_GetShuntUsed), (8 bytes).
    Removing mfxstm32l152.o(i.mfxstm32l152_IDD_GetValue), (40 bytes).
    Removing mfxstm32l152.o(i.mfxstm32l152_IDD_Start), (28 bytes).
    Removing mfxstm32l152.o(i.mfxstm32l152_IO_ClearIT), (56 bytes).
    Removing mfxstm32l152.o(i.mfxstm32l152_IO_Config), (632 bytes).
    Removing mfxstm32l152.o(i.mfxstm32l152_IO_DisableAF), (26 bytes).
    Removing mfxstm32l152.o(i.mfxstm32l152_IO_DisableIT), (6 bytes).
    Removing mfxstm32l152.o(i.mfxstm32l152_IO_DisablePinIT), (10 bytes).
    Removing mfxstm32l152.o(i.mfxstm32l152_IO_EnableAF), (26 bytes).
    Removing mfxstm32l152.o(i.mfxstm32l152_IO_EnableIT), (20 bytes).
    Removing mfxstm32l152.o(i.mfxstm32l152_IO_EnablePinIT), (10 bytes).
    Removing mfxstm32l152.o(i.mfxstm32l152_IO_ITStatus), (50 bytes).
    Removing mfxstm32l152.o(i.mfxstm32l152_IO_InitPin), (10 bytes).
    Removing mfxstm32l152.o(i.mfxstm32l152_IO_ReadPin), (50 bytes).
    Removing mfxstm32l152.o(i.mfxstm32l152_IO_SetIrqEvtMode), (22 bytes).
    Removing mfxstm32l152.o(i.mfxstm32l152_IO_SetIrqTypeMode), (22 bytes).
    Removing mfxstm32l152.o(i.mfxstm32l152_IO_Start), (50 bytes).
    Removing mfxstm32l152.o(i.mfxstm32l152_IO_WritePin), (20 bytes).
    Removing mfxstm32l152.o(i.mfxstm32l152_Init), (56 bytes).
    Removing mfxstm32l152.o(i.mfxstm32l152_LowPower), (18 bytes).
    Removing mfxstm32l152.o(i.mfxstm32l152_ReadFwVersion), (22 bytes).
    Removing mfxstm32l152.o(i.mfxstm32l152_ReadID), (26 bytes).
    Removing mfxstm32l152.o(i.mfxstm32l152_ReadReg), (6 bytes).
    Removing mfxstm32l152.o(i.mfxstm32l152_Reset), (20 bytes).
    Removing mfxstm32l152.o(i.mfxstm32l152_SetIrqOutPinPolarity), (36 bytes).
    Removing mfxstm32l152.o(i.mfxstm32l152_SetIrqOutPinType), (36 bytes).
    Removing mfxstm32l152.o(i.mfxstm32l152_TS_ClearIT), (6 bytes).
    Removing mfxstm32l152.o(i.mfxstm32l152_TS_DetectTouch), (34 bytes).
    Removing mfxstm32l152.o(i.mfxstm32l152_TS_DisableIT), (6 bytes).
    Removing mfxstm32l152.o(i.mfxstm32l152_TS_EnableIT), (20 bytes).
    Removing mfxstm32l152.o(i.mfxstm32l152_TS_GetXY), (64 bytes).
    Removing mfxstm32l152.o(i.mfxstm32l152_TS_ITStatus), (14 bytes).
    Removing mfxstm32l152.o(i.mfxstm32l152_TS_Start), (108 bytes).
    Removing mfxstm32l152.o(i.mfxstm32l152_WakeUp), (22 bytes).
    Removing mfxstm32l152.o(i.mfxstm32l152_WriteReg), (6 bytes).
    Removing mfxstm32l152.o(i.mfxstm32l152_reg24_setPinValue), (120 bytes).
    Removing mfxstm32l152.o(.data), (40 bytes).
    Removing mfxstm32l152.o(.data), (44 bytes).
    Removing mfxstm32l152.o(.data), (76 bytes).
    Removing mfxstm32l152.o(.data), (3 bytes).
    Removing led.o(.rev16_text), (4 bytes).
    Removing led.o(.revsh_text), (4 bytes).
    Removing led.o(.rrx_text), (6 bytes).

631 unused section(s) (total 45907 bytes) removed from the image.

==============================================================================

Image Symbol Table

    Local Symbols

    Symbol Name                              Value     Ov Type        Size  Object(Section)

    ../Src/main.c                            0x00000000   Number         0  main.o ABSOLUTE
    ../Src/stm32h7xx_hal_msp.c               0x00000000   Number         0  stm32h7xx_hal_msp.o ABSOLUTE
    ../Src/stm32h7xx_it.c                    0x00000000   Number         0  stm32h7xx_it.o ABSOLUTE
    ../Src/system_stm32h7xx.c                0x00000000   Number         0  system_stm32h7xx.o ABSOLUTE
    ../clib/microlib/division.c              0x00000000   Number         0  uldiv.o ABSOLUTE
    ../clib/microlib/init/entry.s            0x00000000   Number         0  entry9b.o ABSOLUTE
    ../clib/microlib/init/entry.s            0x00000000   Number         0  entry5.o ABSOLUTE
    ../clib/microlib/init/entry.s            0x00000000   Number         0  entry11a.o ABSOLUTE
    ../clib/microlib/init/entry.s            0x00000000   Number         0  entry10b.o ABSOLUTE
    ../clib/microlib/init/entry.s            0x00000000   Number         0  entry10a.o ABSOLUTE
    ../clib/microlib/init/entry.s            0x00000000   Number         0  entry9a.o ABSOLUTE
    ../clib/microlib/init/entry.s            0x00000000   Number         0  entry2.o ABSOLUTE
    ../clib/microlib/init/entry.s            0x00000000   Number         0  entry11b.o ABSOLUTE
    ../clib/microlib/init/entry.s            0x00000000   Number         0  entry8b.o ABSOLUTE
    ../clib/microlib/init/entry.s            0x00000000   Number         0  entry8a.o ABSOLUTE
    ../clib/microlib/init/entry.s            0x00000000   Number         0  entry7b.o ABSOLUTE
    ../clib/microlib/init/entry.s            0x00000000   Number         0  entry7a.o ABSOLUTE
    ../clib/microlib/init/entry.s            0x00000000   Number         0  entry.o ABSOLUTE
    ../clib/microlib/longlong.c              0x00000000   Number         0  llshl.o ABSOLUTE
    ../clib/microlib/longlong.c              0x00000000   Number         0  llushr.o ABSOLUTE
    ..\Drivers\BSP\Components\mfxstm32l152\mfxstm32l152.c 0x00000000   Number         0  mfxstm32l152.o ABSOLUTE
    ..\Drivers\BSP\STM32H743I_EVAL\stm32h743i_eval.c 0x00000000   Number         0  stm32h743i_eval.o ABSOLUTE
    ..\Drivers\BSP\STM32H743I_EVAL\stm32h743i_eval_io.c 0x00000000   Number         0  stm32h743i_eval_io.o ABSOLUTE
    ..\Drivers\STM32H7xx_HAL_Driver\Src\stm32h7xx_hal.c 0x00000000   Number         0  stm32h7xx_hal.o ABSOLUTE
    ..\Drivers\STM32H7xx_HAL_Driver\Src\stm32h7xx_hal_adc.c 0x00000000   Number         0  stm32h7xx_hal_adc.o ABSOLUTE
    ..\Drivers\STM32H7xx_HAL_Driver\Src\stm32h7xx_hal_adc_ex.c 0x00000000   Number         0  stm32h7xx_hal_adc_ex.o ABSOLUTE
    ..\Drivers\STM32H7xx_HAL_Driver\Src\stm32h7xx_hal_cortex.c 0x00000000   Number         0  stm32h7xx_hal_cortex.o ABSOLUTE
    ..\Drivers\STM32H7xx_HAL_Driver\Src\stm32h7xx_hal_dma.c 0x00000000   Number         0  stm32h7xx_hal_dma.o ABSOLUTE
    ..\Drivers\STM32H7xx_HAL_Driver\Src\stm32h7xx_hal_fdcan.c 0x00000000   Number         0  stm32h7xx_hal_fdcan.o ABSOLUTE
    ..\Drivers\STM32H7xx_HAL_Driver\Src\stm32h7xx_hal_gpio.c 0x00000000   Number         0  stm32h7xx_hal_gpio.o ABSOLUTE
    ..\Drivers\STM32H7xx_HAL_Driver\Src\stm32h7xx_hal_i2c.c 0x00000000   Number         0  stm32h7xx_hal_i2c.o ABSOLUTE
    ..\Drivers\STM32H7xx_HAL_Driver\Src\stm32h7xx_hal_pwr.c 0x00000000   Number         0  stm32h7xx_hal_pwr.o ABSOLUTE
    ..\Drivers\STM32H7xx_HAL_Driver\Src\stm32h7xx_hal_pwr_ex.c 0x00000000   Number         0  stm32h7xx_hal_pwr_ex.o ABSOLUTE
    ..\Drivers\STM32H7xx_HAL_Driver\Src\stm32h7xx_hal_rcc.c 0x00000000   Number         0  stm32h7xx_hal_rcc.o ABSOLUTE
    ..\Drivers\STM32H7xx_HAL_Driver\Src\stm32h7xx_hal_rcc_ex.c 0x00000000   Number         0  stm32h7xx_hal_rcc_ex.o ABSOLUTE
    ..\Drivers\STM32H7xx_HAL_Driver\Src\stm32h7xx_hal_uart.c 0x00000000   Number         0  stm32h7xx_hal_uart.o ABSOLUTE
    ..\Drivers\STM32H7xx_HAL_Driver\Src\stm32h7xx_hal_uart_ex.c 0x00000000   Number         0  stm32h7xx_hal_uart_ex.o ABSOLUTE
    ..\Src\main.c                            0x00000000   Number         0  main.o ABSOLUTE
    ..\Src\stm32h7xx_hal_msp.c               0x00000000   Number         0  stm32h7xx_hal_msp.o ABSOLUTE
    ..\Src\stm32h7xx_it.c                    0x00000000   Number         0  stm32h7xx_it.o ABSOLUTE
    ..\Src\system_stm32h7xx.c                0x00000000   Number         0  system_stm32h7xx.o ABSOLUTE
    ..\User\LED\led.c                        0x00000000   Number         0  led.o ABSOLUTE
    ..\\Drivers\\BSP\\STM32H743I_EVAL\\stm32h743i_eval.c 0x00000000   Number         0  stm32h743i_eval.o ABSOLUTE
    ..\\Drivers\\BSP\\STM32H743I_EVAL\\stm32h743i_eval_io.c 0x00000000   Number         0  stm32h743i_eval_io.o ABSOLUTE
    ..\\Drivers\\STM32H7xx_HAL_Driver\\Src\\stm32h7xx_hal.c 0x00000000   Number         0  stm32h7xx_hal.o ABSOLUTE
    ..\\Drivers\\STM32H7xx_HAL_Driver\\Src\\stm32h7xx_hal_adc.c 0x00000000   Number         0  stm32h7xx_hal_adc.o ABSOLUTE
    ..\\Drivers\\STM32H7xx_HAL_Driver\\Src\\stm32h7xx_hal_adc_ex.c 0x00000000   Number         0  stm32h7xx_hal_adc_ex.o ABSOLUTE
    ..\\Drivers\\STM32H7xx_HAL_Driver\\Src\\stm32h7xx_hal_cortex.c 0x00000000   Number         0  stm32h7xx_hal_cortex.o ABSOLUTE
    ..\\Drivers\\STM32H7xx_HAL_Driver\\Src\\stm32h7xx_hal_dma.c 0x00000000   Number         0  stm32h7xx_hal_dma.o ABSOLUTE
    ..\\Drivers\\STM32H7xx_HAL_Driver\\Src\\stm32h7xx_hal_fdcan.c 0x00000000   Number         0  stm32h7xx_hal_fdcan.o ABSOLUTE
    ..\\Drivers\\STM32H7xx_HAL_Driver\\Src\\stm32h7xx_hal_gpio.c 0x00000000   Number         0  stm32h7xx_hal_gpio.o ABSOLUTE
    ..\\Drivers\\STM32H7xx_HAL_Driver\\Src\\stm32h7xx_hal_i2c.c 0x00000000   Number         0  stm32h7xx_hal_i2c.o ABSOLUTE
    ..\\Drivers\\STM32H7xx_HAL_Driver\\Src\\stm32h7xx_hal_pwr.c 0x00000000   Number         0  stm32h7xx_hal_pwr.o ABSOLUTE
    ..\\Drivers\\STM32H7xx_HAL_Driver\\Src\\stm32h7xx_hal_pwr_ex.c 0x00000000   Number         0  stm32h7xx_hal_pwr_ex.o ABSOLUTE
    ..\\Drivers\\STM32H7xx_HAL_Driver\\Src\\stm32h7xx_hal_rcc.c 0x00000000   Number         0  stm32h7xx_hal_rcc.o ABSOLUTE
    ..\\Drivers\\STM32H7xx_HAL_Driver\\Src\\stm32h7xx_hal_rcc_ex.c 0x00000000   Number         0  stm32h7xx_hal_rcc_ex.o ABSOLUTE
    ..\\Drivers\\STM32H7xx_HAL_Driver\\Src\\stm32h7xx_hal_uart.c 0x00000000   Number         0  stm32h7xx_hal_uart.o ABSOLUTE
    ..\\Drivers\\STM32H7xx_HAL_Driver\\Src\\stm32h7xx_hal_uart_ex.c 0x00000000   Number         0  stm32h7xx_hal_uart_ex.o ABSOLUTE
    ..\\User\\LED\\led.c                     0x00000000   Number         0  led.o ABSOLUTE
    dc.s                                     0x00000000   Number         0  dc.o ABSOLUTE
    handlers.s                               0x00000000   Number         0  handlers.o ABSOLUTE
    init.s                                   0x00000000   Number         0  init.o ABSOLUTE
    startup_stm32h743xx.s                    0x00000000   Number         0  startup_stm32h743xx.o ABSOLUTE
    RESET                                    0x08000000   Section      664  startup_stm32h743xx.o(RESET)
    .ARM.Collect$$$$00000000                 0x08000298   Section        0  entry.o(.ARM.Collect$$$$00000000)
    .ARM.Collect$$$$00000001                 0x08000298   Section        4  entry2.o(.ARM.Collect$$$$00000001)
    .ARM.Collect$$$$00000004                 0x0800029c   Section        4  entry5.o(.ARM.Collect$$$$00000004)
    .ARM.Collect$$$$00000008                 0x080002a0   Section        0  entry7b.o(.ARM.Collect$$$$00000008)
    .ARM.Collect$$$$0000000A                 0x080002a0   Section        0  entry8b.o(.ARM.Collect$$$$0000000A)
    .ARM.Collect$$$$0000000B                 0x080002a0   Section        8  entry9a.o(.ARM.Collect$$$$0000000B)
    .ARM.Collect$$$$0000000D                 0x080002a8   Section        0  entry10a.o(.ARM.Collect$$$$0000000D)
    .ARM.Collect$$$$0000000F                 0x080002a8   Section        0  entry11a.o(.ARM.Collect$$$$0000000F)
    .ARM.Collect$$$$00002712                 0x080002a8   Section        4  entry2.o(.ARM.Collect$$$$00002712)
    __lit__00000000                          0x080002a8   Data           4  entry2.o(.ARM.Collect$$$$00002712)
    .text                                    0x080002ac   Section       36  startup_stm32h743xx.o(.text)
    $v0                                      0x080002ac   Number         0  startup_stm32h743xx.o(.text)
    .text                                    0x080002d0   Section       36  init.o(.text)
    i.BusFault_Handler                       0x080002f4   Section        0  stm32h7xx_it.o(i.BusFault_Handler)
    i.CPU_CACHE_Enable                       0x080002f8   Section        0  main.o(i.CPU_CACHE_Enable)
    CPU_CACHE_Enable                         0x080002f9   Thumb Code   116  main.o(i.CPU_CACHE_Enable)
    i.DebugMon_Handler                       0x08000374   Section        0  stm32h7xx_it.o(i.DebugMon_Handler)
    i.FDCAN1_IT0_IRQHandler                  0x08000378   Section        0  stm32h7xx_it.o(i.FDCAN1_IT0_IRQHandler)
    i.FDCAN_CalcultateRamBlockAddresses      0x08000384   Section        0  stm32h7xx_hal_fdcan.o(i.FDCAN_CalcultateRamBlockAddresses)
    FDCAN_CalcultateRamBlockAddresses        0x08000385   Thumb Code   504  stm32h7xx_hal_fdcan.o(i.FDCAN_CalcultateRamBlockAddresses)
    i.FDCAN_Config                           0x08000584   Section        0  main.o(i.FDCAN_Config)
    FDCAN_Config                             0x08000585   Thumb Code   158  main.o(i.FDCAN_Config)
    i.FDCAN_CopyMessageToRAM                 0x0800062c   Section        0  stm32h7xx_hal_fdcan.o(i.FDCAN_CopyMessageToRAM)
    FDCAN_CopyMessageToRAM                   0x0800062d   Thumb Code   110  stm32h7xx_hal_fdcan.o(i.FDCAN_CopyMessageToRAM)
    i.HAL_Delay                              0x080006a0   Section        0  stm32h7xx_hal.o(i.HAL_Delay)
    i.HAL_FDCAN_ActivateNotification         0x080006c4   Section        0  stm32h7xx_hal_fdcan.o(i.HAL_FDCAN_ActivateNotification)
    i.HAL_FDCAN_AddMessageToTxFifoQ          0x08000750   Section        0  stm32h7xx_hal_fdcan.o(i.HAL_FDCAN_AddMessageToTxFifoQ)
    i.HAL_FDCAN_ClockCalibrationCallback     0x080007a8   Section        0  stm32h7xx_hal_fdcan.o(i.HAL_FDCAN_ClockCalibrationCallback)
    i.HAL_FDCAN_ConfigFilter                 0x080007aa   Section        0  stm32h7xx_hal_fdcan.o(i.HAL_FDCAN_ConfigFilter)
    i.HAL_FDCAN_ErrorCallback                0x0800082c   Section        0  stm32h7xx_hal_fdcan.o(i.HAL_FDCAN_ErrorCallback)
    i.HAL_FDCAN_GetRxMessage                 0x08000830   Section        0  stm32h7xx_hal_fdcan.o(i.HAL_FDCAN_GetRxMessage)
    i.HAL_FDCAN_HighPriorityMessageCallback  0x08000990   Section        0  stm32h7xx_hal_fdcan.o(i.HAL_FDCAN_HighPriorityMessageCallback)
    i.HAL_FDCAN_IRQHandler                   0x08000994   Section        0  stm32h7xx_hal_fdcan.o(i.HAL_FDCAN_IRQHandler)
    i.HAL_FDCAN_Init                         0x08000e00   Section        0  stm32h7xx_hal_fdcan.o(i.HAL_FDCAN_Init)
    i.HAL_FDCAN_MspInit                      0x0800101c   Section        0  stm32h7xx_hal_msp.o(i.HAL_FDCAN_MspInit)
    i.HAL_FDCAN_RxBufferNewMessageCallback   0x080010ac   Section        0  stm32h7xx_hal_fdcan.o(i.HAL_FDCAN_RxBufferNewMessageCallback)
    i.HAL_FDCAN_RxFifo0Callback              0x080010b0   Section        0  main.o(i.HAL_FDCAN_RxFifo0Callback)
    i.HAL_FDCAN_RxFifo1Callback              0x08001104   Section        0  stm32h7xx_hal_fdcan.o(i.HAL_FDCAN_RxFifo1Callback)
    i.HAL_FDCAN_Start                        0x08001106   Section        0  stm32h7xx_hal_fdcan.o(i.HAL_FDCAN_Start)
    i.HAL_FDCAN_TT_GlobalTimeCallback        0x08001138   Section        0  stm32h7xx_hal_fdcan.o(i.HAL_FDCAN_TT_GlobalTimeCallback)
    i.HAL_FDCAN_TT_ScheduleSyncCallback      0x0800113a   Section        0  stm32h7xx_hal_fdcan.o(i.HAL_FDCAN_TT_ScheduleSyncCallback)
    i.HAL_FDCAN_TT_StopWatchCallback         0x0800113c   Section        0  stm32h7xx_hal_fdcan.o(i.HAL_FDCAN_TT_StopWatchCallback)
    i.HAL_FDCAN_TT_TimeMarkCallback          0x0800113e   Section        0  stm32h7xx_hal_fdcan.o(i.HAL_FDCAN_TT_TimeMarkCallback)
    i.HAL_FDCAN_TimeoutOccurredCallback      0x08001140   Section        0  stm32h7xx_hal_fdcan.o(i.HAL_FDCAN_TimeoutOccurredCallback)
    i.HAL_FDCAN_TimestampWraparoundCallback  0x08001142   Section        0  stm32h7xx_hal_fdcan.o(i.HAL_FDCAN_TimestampWraparoundCallback)
    i.HAL_FDCAN_TxBufferAbortCallback        0x08001144   Section        0  stm32h7xx_hal_fdcan.o(i.HAL_FDCAN_TxBufferAbortCallback)
    i.HAL_FDCAN_TxBufferCompleteCallback     0x08001146   Section        0  stm32h7xx_hal_fdcan.o(i.HAL_FDCAN_TxBufferCompleteCallback)
    i.HAL_FDCAN_TxEventFifoCallback          0x08001148   Section        0  stm32h7xx_hal_fdcan.o(i.HAL_FDCAN_TxEventFifoCallback)
    i.HAL_FDCAN_TxFifoEmptyCallback          0x0800114a   Section        0  stm32h7xx_hal_fdcan.o(i.HAL_FDCAN_TxFifoEmptyCallback)
    i.HAL_GPIO_Init                          0x0800114c   Section        0  stm32h7xx_hal_gpio.o(i.HAL_GPIO_Init)
    i.HAL_GPIO_TogglePin                     0x08001340   Section        0  stm32h7xx_hal_gpio.o(i.HAL_GPIO_TogglePin)
    i.HAL_GPIO_WritePin                      0x08001348   Section        0  stm32h7xx_hal_gpio.o(i.HAL_GPIO_WritePin)
    i.HAL_GetTick                            0x08001354   Section        0  stm32h7xx_hal.o(i.HAL_GetTick)
    i.HAL_IncTick                            0x08001360   Section        0  stm32h7xx_hal.o(i.HAL_IncTick)
    i.HAL_Init                               0x08001370   Section        0  stm32h7xx_hal.o(i.HAL_Init)
    i.HAL_InitTick                           0x0800138c   Section        0  stm32h7xx_hal.o(i.HAL_InitTick)
    i.HAL_MspInit                            0x080013cc   Section        0  stm32h7xx_hal_msp.o(i.HAL_MspInit)
    i.HAL_NVIC_EnableIRQ                     0x080013ce   Section        0  stm32h7xx_hal_cortex.o(i.HAL_NVIC_EnableIRQ)
    i.HAL_NVIC_SetPriority                   0x080013e8   Section        0  stm32h7xx_hal_cortex.o(i.HAL_NVIC_SetPriority)
    i.HAL_NVIC_SetPriorityGrouping           0x08001428   Section        0  stm32h7xx_hal_cortex.o(i.HAL_NVIC_SetPriorityGrouping)
    i.HAL_RCCEx_PeriphCLKConfig              0x0800144c   Section        0  stm32h7xx_hal_rcc_ex.o(i.HAL_RCCEx_PeriphCLKConfig)
    i.HAL_RCC_ClockConfig                    0x08001d04   Section        0  stm32h7xx_hal_rcc.o(i.HAL_RCC_ClockConfig)
    i.HAL_RCC_GetSysClockFreq                0x08001ee0   Section        0  stm32h7xx_hal_rcc.o(i.HAL_RCC_GetSysClockFreq)
    i.HAL_RCC_OscConfig                      0x0800200c   Section        0  stm32h7xx_hal_rcc.o(i.HAL_RCC_OscConfig)
    i.HAL_SYSTICK_Config                     0x080024c4   Section        0  stm32h7xx_hal_cortex.o(i.HAL_SYSTICK_Config)
    i.HardFault_Handler                      0x080024ea   Section        0  stm32h7xx_it.o(i.HardFault_Handler)
    i.LED_Init                               0x080024ec   Section        0  led.o(i.LED_Init)
    i.MemManage_Handler                      0x08002538   Section        0  stm32h7xx_it.o(i.MemManage_Handler)
    i.NMI_Handler                            0x0800253a   Section        0  stm32h7xx_it.o(i.NMI_Handler)
    i.PendSV_Handler                         0x0800253c   Section        0  stm32h7xx_it.o(i.PendSV_Handler)
    i.RCCEx_PLL2_Config                      0x08002540   Section        0  stm32h7xx_hal_rcc_ex.o(i.RCCEx_PLL2_Config)
    RCCEx_PLL2_Config                        0x08002541   Thumb Code   248  stm32h7xx_hal_rcc_ex.o(i.RCCEx_PLL2_Config)
    i.RCCEx_PLL3_Config                      0x0800263c   Section        0  stm32h7xx_hal_rcc_ex.o(i.RCCEx_PLL3_Config)
    RCCEx_PLL3_Config                        0x0800263d   Thumb Code   248  stm32h7xx_hal_rcc_ex.o(i.RCCEx_PLL3_Config)
    i.SVC_Handler                            0x08002738   Section        0  stm32h7xx_it.o(i.SVC_Handler)
    i.SysTick_Handler                        0x0800273a   Section        0  stm32h7xx_it.o(i.SysTick_Handler)
    i.SystemClock_Config                     0x08002740   Section        0  main.o(i.SystemClock_Config)
    SystemClock_Config                       0x08002741   Thumb Code   132  main.o(i.SystemClock_Config)
    i.SystemInit                             0x080027c8   Section        0  system_stm32h7xx.o(i.SystemInit)
    i.UsageFault_Handler                     0x08002850   Section        0  stm32h7xx_it.o(i.UsageFault_Handler)
    i.__NVIC_SetPriority                     0x08002852   Section        0  stm32h7xx_hal_cortex.o(i.__NVIC_SetPriority)
    __NVIC_SetPriority                       0x08002853   Thumb Code    34  stm32h7xx_hal_cortex.o(i.__NVIC_SetPriority)
    i.__scatterload_copy                     0x08002874   Section       14  handlers.o(i.__scatterload_copy)
    i.__scatterload_null                     0x08002882   Section        2  handlers.o(i.__scatterload_null)
    i.__scatterload_zeroinit                 0x08002884   Section       14  handlers.o(i.__scatterload_zeroinit)
    i.main                                   0x08002894   Section        0  main.o(i.main)
    .constdata                               0x080028ec   Section       16  system_stm32h7xx.o(.constdata)
    .constdata                               0x080028fc   Section       35  stm32h7xx_hal_fdcan.o(.constdata)
    DLCtoBytes                               0x080028fc   Data          16  stm32h7xx_hal_fdcan.o(.constdata)
    CvtEltSize                               0x0800290c   Data          19  stm32h7xx_hal_fdcan.o(.constdata)
    .data                                    0x24000000   Section        4  system_stm32h7xx.o(.data)
    .data                                    0x24000004   Section       17  main.o(.data)
    .data                                    0x24000018   Section       12  stm32h7xx_hal.o(.data)
    uwTickFreq                               0x24000018   Data           1  stm32h7xx_hal.o(.data)
    uwTickPrio                               0x2400001c   Data           4  stm32h7xx_hal.o(.data)
    uwTick                                   0x24000020   Data           4  stm32h7xx_hal.o(.data)
    .bss                                     0x24000024   Section      232  main.o(.bss)
    STACK                                    0x24000110   Section     1024  startup_stm32h743xx.o(STACK)

    Global Symbols

    Symbol Name                              Value     Ov Type        Size  Object(Section)

    BuildAttributes$$THM_ISAv4$E$P$D$K$B$S$7EM$VFPv5_D16$PE$PLD8$A:L22UL41UL21$X:L11$S22US41US21$IEEE1$IW$USESV6$~STKCKD$USESV7$~SHL$OSPACE$EBA8$MICROLIB$REQ8$PRES8$EABIv2 0x00000000   Number         0  anon$$obj.o ABSOLUTE
    __ARM_use_no_argv                        0x00000000   Number         0  main.o ABSOLUTE
    __cpp_initialize__aeabi_                  - Undefined Weak Reference
    __cxa_finalize                            - Undefined Weak Reference
    __decompress                              - Undefined Weak Reference
    _clock_init                               - Undefined Weak Reference
    _microlib_exit                            - Undefined Weak Reference
    __Vectors_Size                           0x00000298   Number         0  startup_stm32h743xx.o ABSOLUTE
    __Vectors                                0x08000000   Data           4  startup_stm32h743xx.o(RESET)
    __Vectors_End                            0x08000298   Data           0  startup_stm32h743xx.o(RESET)
    __main                                   0x08000299   Thumb Code     0  entry.o(.ARM.Collect$$$$00000000)
    _main_stk                                0x08000299   Thumb Code     0  entry2.o(.ARM.Collect$$$$00000001)
    _main_scatterload                        0x0800029d   Thumb Code     0  entry5.o(.ARM.Collect$$$$00000004)
    __main_after_scatterload                 0x080002a1   Thumb Code     0  entry5.o(.ARM.Collect$$$$00000004)
    _main_clock                              0x080002a1   Thumb Code     0  entry7b.o(.ARM.Collect$$$$00000008)
    _main_cpp_init                           0x080002a1   Thumb Code     0  entry8b.o(.ARM.Collect$$$$0000000A)
    _main_init                               0x080002a1   Thumb Code     0  entry9a.o(.ARM.Collect$$$$0000000B)
    __rt_final_cpp                           0x080002a9   Thumb Code     0  entry10a.o(.ARM.Collect$$$$0000000D)
    __rt_final_exit                          0x080002a9   Thumb Code     0  entry11a.o(.ARM.Collect$$$$0000000F)
    Reset_Handler                            0x080002ad   Thumb Code     8  startup_stm32h743xx.o(.text)
    ADC3_IRQHandler                          0x080002c7   Thumb Code     0  startup_stm32h743xx.o(.text)
    ADC_IRQHandler                           0x080002c7   Thumb Code     0  startup_stm32h743xx.o(.text)
    BDMA_Channel0_IRQHandler                 0x080002c7   Thumb Code     0  startup_stm32h743xx.o(.text)
    BDMA_Channel1_IRQHandler                 0x080002c7   Thumb Code     0  startup_stm32h743xx.o(.text)
    BDMA_Channel2_IRQHandler                 0x080002c7   Thumb Code     0  startup_stm32h743xx.o(.text)
    BDMA_Channel3_IRQHandler                 0x080002c7   Thumb Code     0  startup_stm32h743xx.o(.text)
    BDMA_Channel4_IRQHandler                 0x080002c7   Thumb Code     0  startup_stm32h743xx.o(.text)
    BDMA_Channel5_IRQHandler                 0x080002c7   Thumb Code     0  startup_stm32h743xx.o(.text)
    BDMA_Channel6_IRQHandler                 0x080002c7   Thumb Code     0  startup_stm32h743xx.o(.text)
    BDMA_Channel7_IRQHandler                 0x080002c7   Thumb Code     0  startup_stm32h743xx.o(.text)
    CEC_IRQHandler                           0x080002c7   Thumb Code     0  startup_stm32h743xx.o(.text)
    COMP1_IRQHandler                         0x080002c7   Thumb Code     0  startup_stm32h743xx.o(.text)
    CRS_IRQHandler                           0x080002c7   Thumb Code     0  startup_stm32h743xx.o(.text)
    DCMI_IRQHandler                          0x080002c7   Thumb Code     0  startup_stm32h743xx.o(.text)
    DFSDM1_FLT0_IRQHandler                   0x080002c7   Thumb Code     0  startup_stm32h743xx.o(.text)
    DFSDM1_FLT1_IRQHandler                   0x080002c7   Thumb Code     0  startup_stm32h743xx.o(.text)
    DFSDM1_FLT2_IRQHandler                   0x080002c7   Thumb Code     0  startup_stm32h743xx.o(.text)
    DFSDM1_FLT3_IRQHandler                   0x080002c7   Thumb Code     0  startup_stm32h743xx.o(.text)
    DMA1_Stream0_IRQHandler                  0x080002c7   Thumb Code     0  startup_stm32h743xx.o(.text)
    DMA1_Stream1_IRQHandler                  0x080002c7   Thumb Code     0  startup_stm32h743xx.o(.text)
    DMA1_Stream2_IRQHandler                  0x080002c7   Thumb Code     0  startup_stm32h743xx.o(.text)
    DMA1_Stream3_IRQHandler                  0x080002c7   Thumb Code     0  startup_stm32h743xx.o(.text)
    DMA1_Stream4_IRQHandler                  0x080002c7   Thumb Code     0  startup_stm32h743xx.o(.text)
    DMA1_Stream5_IRQHandler                  0x080002c7   Thumb Code     0  startup_stm32h743xx.o(.text)
    DMA1_Stream6_IRQHandler                  0x080002c7   Thumb Code     0  startup_stm32h743xx.o(.text)
    DMA1_Stream7_IRQHandler                  0x080002c7   Thumb Code     0  startup_stm32h743xx.o(.text)
    DMA2D_IRQHandler                         0x080002c7   Thumb Code     0  startup_stm32h743xx.o(.text)
    DMA2_Stream0_IRQHandler                  0x080002c7   Thumb Code     0  startup_stm32h743xx.o(.text)
    DMA2_Stream1_IRQHandler                  0x080002c7   Thumb Code     0  startup_stm32h743xx.o(.text)
    DMA2_Stream2_IRQHandler                  0x080002c7   Thumb Code     0  startup_stm32h743xx.o(.text)
    DMA2_Stream3_IRQHandler                  0x080002c7   Thumb Code     0  startup_stm32h743xx.o(.text)
    DMA2_Stream4_IRQHandler                  0x080002c7   Thumb Code     0  startup_stm32h743xx.o(.text)
    DMA2_Stream5_IRQHandler                  0x080002c7   Thumb Code     0  startup_stm32h743xx.o(.text)
    DMA2_Stream6_IRQHandler                  0x080002c7   Thumb Code     0  startup_stm32h743xx.o(.text)
    DMA2_Stream7_IRQHandler                  0x080002c7   Thumb Code     0  startup_stm32h743xx.o(.text)
    DMAMUX1_OVR_IRQHandler                   0x080002c7   Thumb Code     0  startup_stm32h743xx.o(.text)
    DMAMUX2_OVR_IRQHandler                   0x080002c7   Thumb Code     0  startup_stm32h743xx.o(.text)
    ETH_IRQHandler                           0x080002c7   Thumb Code     0  startup_stm32h743xx.o(.text)
    ETH_WKUP_IRQHandler                      0x080002c7   Thumb Code     0  startup_stm32h743xx.o(.text)
    EXTI0_IRQHandler                         0x080002c7   Thumb Code     0  startup_stm32h743xx.o(.text)
    EXTI15_10_IRQHandler                     0x080002c7   Thumb Code     0  startup_stm32h743xx.o(.text)
    EXTI1_IRQHandler                         0x080002c7   Thumb Code     0  startup_stm32h743xx.o(.text)
    EXTI2_IRQHandler                         0x080002c7   Thumb Code     0  startup_stm32h743xx.o(.text)
    EXTI3_IRQHandler                         0x080002c7   Thumb Code     0  startup_stm32h743xx.o(.text)
    EXTI4_IRQHandler                         0x080002c7   Thumb Code     0  startup_stm32h743xx.o(.text)
    EXTI9_5_IRQHandler                       0x080002c7   Thumb Code     0  startup_stm32h743xx.o(.text)
    FDCAN1_IT1_IRQHandler                    0x080002c7   Thumb Code     0  startup_stm32h743xx.o(.text)
    FDCAN2_IT0_IRQHandler                    0x080002c7   Thumb Code     0  startup_stm32h743xx.o(.text)
    FDCAN2_IT1_IRQHandler                    0x080002c7   Thumb Code     0  startup_stm32h743xx.o(.text)
    FDCAN_CAL_IRQHandler                     0x080002c7   Thumb Code     0  startup_stm32h743xx.o(.text)
    FLASH_IRQHandler                         0x080002c7   Thumb Code     0  startup_stm32h743xx.o(.text)
    FMC_IRQHandler                           0x080002c7   Thumb Code     0  startup_stm32h743xx.o(.text)
    FPU_IRQHandler                           0x080002c7   Thumb Code     0  startup_stm32h743xx.o(.text)
    HRTIM1_FLT_IRQHandler                    0x080002c7   Thumb Code     0  startup_stm32h743xx.o(.text)
    HRTIM1_Master_IRQHandler                 0x080002c7   Thumb Code     0  startup_stm32h743xx.o(.text)
    HRTIM1_TIMA_IRQHandler                   0x080002c7   Thumb Code     0  startup_stm32h743xx.o(.text)
    HRTIM1_TIMB_IRQHandler                   0x080002c7   Thumb Code     0  startup_stm32h743xx.o(.text)
    HRTIM1_TIMC_IRQHandler                   0x080002c7   Thumb Code     0  startup_stm32h743xx.o(.text)
    HRTIM1_TIMD_IRQHandler                   0x080002c7   Thumb Code     0  startup_stm32h743xx.o(.text)
    HRTIM1_TIME_IRQHandler                   0x080002c7   Thumb Code     0  startup_stm32h743xx.o(.text)
    HSEM1_IRQHandler                         0x080002c7   Thumb Code     0  startup_stm32h743xx.o(.text)
    I2C1_ER_IRQHandler                       0x080002c7   Thumb Code     0  startup_stm32h743xx.o(.text)
    I2C1_EV_IRQHandler                       0x080002c7   Thumb Code     0  startup_stm32h743xx.o(.text)
    I2C2_ER_IRQHandler                       0x080002c7   Thumb Code     0  startup_stm32h743xx.o(.text)
    I2C2_EV_IRQHandler                       0x080002c7   Thumb Code     0  startup_stm32h743xx.o(.text)
    I2C3_ER_IRQHandler                       0x080002c7   Thumb Code     0  startup_stm32h743xx.o(.text)
    I2C3_EV_IRQHandler                       0x080002c7   Thumb Code     0  startup_stm32h743xx.o(.text)
    I2C4_ER_IRQHandler                       0x080002c7   Thumb Code     0  startup_stm32h743xx.o(.text)
    I2C4_EV_IRQHandler                       0x080002c7   Thumb Code     0  startup_stm32h743xx.o(.text)
    JPEG_IRQHandler                          0x080002c7   Thumb Code     0  startup_stm32h743xx.o(.text)
    LPTIM1_IRQHandler                        0x080002c7   Thumb Code     0  startup_stm32h743xx.o(.text)
    LPTIM2_IRQHandler                        0x080002c7   Thumb Code     0  startup_stm32h743xx.o(.text)
    LPTIM3_IRQHandler                        0x080002c7   Thumb Code     0  startup_stm32h743xx.o(.text)
    LPTIM4_IRQHandler                        0x080002c7   Thumb Code     0  startup_stm32h743xx.o(.text)
    LPTIM5_IRQHandler                        0x080002c7   Thumb Code     0  startup_stm32h743xx.o(.text)
    LPUART1_IRQHandler                       0x080002c7   Thumb Code     0  startup_stm32h743xx.o(.text)
    LTDC_ER_IRQHandler                       0x080002c7   Thumb Code     0  startup_stm32h743xx.o(.text)
    LTDC_IRQHandler                          0x080002c7   Thumb Code     0  startup_stm32h743xx.o(.text)
    MDIOS_IRQHandler                         0x080002c7   Thumb Code     0  startup_stm32h743xx.o(.text)
    MDIOS_WKUP_IRQHandler                    0x080002c7   Thumb Code     0  startup_stm32h743xx.o(.text)
    MDMA_IRQHandler                          0x080002c7   Thumb Code     0  startup_stm32h743xx.o(.text)
    OTG_FS_EP1_IN_IRQHandler                 0x080002c7   Thumb Code     0  startup_stm32h743xx.o(.text)
    OTG_FS_EP1_OUT_IRQHandler                0x080002c7   Thumb Code     0  startup_stm32h743xx.o(.text)
    OTG_FS_IRQHandler                        0x080002c7   Thumb Code     0  startup_stm32h743xx.o(.text)
    OTG_FS_WKUP_IRQHandler                   0x080002c7   Thumb Code     0  startup_stm32h743xx.o(.text)
    OTG_HS_EP1_IN_IRQHandler                 0x080002c7   Thumb Code     0  startup_stm32h743xx.o(.text)
    OTG_HS_EP1_OUT_IRQHandler                0x080002c7   Thumb Code     0  startup_stm32h743xx.o(.text)
    OTG_HS_IRQHandler                        0x080002c7   Thumb Code     0  startup_stm32h743xx.o(.text)
    OTG_HS_WKUP_IRQHandler                   0x080002c7   Thumb Code     0  startup_stm32h743xx.o(.text)
    PVD_AVD_IRQHandler                       0x080002c7   Thumb Code     0  startup_stm32h743xx.o(.text)
    QUADSPI_IRQHandler                       0x080002c7   Thumb Code     0  startup_stm32h743xx.o(.text)
    RCC_IRQHandler                           0x080002c7   Thumb Code     0  startup_stm32h743xx.o(.text)
    RNG_IRQHandler                           0x080002c7   Thumb Code     0  startup_stm32h743xx.o(.text)
    RTC_Alarm_IRQHandler                     0x080002c7   Thumb Code     0  startup_stm32h743xx.o(.text)
    RTC_WKUP_IRQHandler                      0x080002c7   Thumb Code     0  startup_stm32h743xx.o(.text)
    SAI1_IRQHandler                          0x080002c7   Thumb Code     0  startup_stm32h743xx.o(.text)
    SAI2_IRQHandler                          0x080002c7   Thumb Code     0  startup_stm32h743xx.o(.text)
    SAI3_IRQHandler                          0x080002c7   Thumb Code     0  startup_stm32h743xx.o(.text)
    SAI4_IRQHandler                          0x080002c7   Thumb Code     0  startup_stm32h743xx.o(.text)
    SDMMC1_IRQHandler                        0x080002c7   Thumb Code     0  startup_stm32h743xx.o(.text)
    SDMMC2_IRQHandler                        0x080002c7   Thumb Code     0  startup_stm32h743xx.o(.text)
    SPDIF_RX_IRQHandler                      0x080002c7   Thumb Code     0  startup_stm32h743xx.o(.text)
    SPI1_IRQHandler                          0x080002c7   Thumb Code     0  startup_stm32h743xx.o(.text)
    SPI2_IRQHandler                          0x080002c7   Thumb Code     0  startup_stm32h743xx.o(.text)
    SPI3_IRQHandler                          0x080002c7   Thumb Code     0  startup_stm32h743xx.o(.text)
    SPI4_IRQHandler                          0x080002c7   Thumb Code     0  startup_stm32h743xx.o(.text)
    SPI5_IRQHandler                          0x080002c7   Thumb Code     0  startup_stm32h743xx.o(.text)
    SPI6_IRQHandler                          0x080002c7   Thumb Code     0  startup_stm32h743xx.o(.text)
    SWPMI1_IRQHandler                        0x080002c7   Thumb Code     0  startup_stm32h743xx.o(.text)
    TAMP_STAMP_IRQHandler                    0x080002c7   Thumb Code     0  startup_stm32h743xx.o(.text)
    TIM15_IRQHandler                         0x080002c7   Thumb Code     0  startup_stm32h743xx.o(.text)
    TIM16_IRQHandler                         0x080002c7   Thumb Code     0  startup_stm32h743xx.o(.text)
    TIM17_IRQHandler                         0x080002c7   Thumb Code     0  startup_stm32h743xx.o(.text)
    TIM1_BRK_IRQHandler                      0x080002c7   Thumb Code     0  startup_stm32h743xx.o(.text)
    TIM1_CC_IRQHandler                       0x080002c7   Thumb Code     0  startup_stm32h743xx.o(.text)
    TIM1_TRG_COM_IRQHandler                  0x080002c7   Thumb Code     0  startup_stm32h743xx.o(.text)
    TIM1_UP_IRQHandler                       0x080002c7   Thumb Code     0  startup_stm32h743xx.o(.text)
    TIM2_IRQHandler                          0x080002c7   Thumb Code     0  startup_stm32h743xx.o(.text)
    TIM3_IRQHandler                          0x080002c7   Thumb Code     0  startup_stm32h743xx.o(.text)
    TIM4_IRQHandler                          0x080002c7   Thumb Code     0  startup_stm32h743xx.o(.text)
    TIM5_IRQHandler                          0x080002c7   Thumb Code     0  startup_stm32h743xx.o(.text)
    TIM6_DAC_IRQHandler                      0x080002c7   Thumb Code     0  startup_stm32h743xx.o(.text)
    TIM7_IRQHandler                          0x080002c7   Thumb Code     0  startup_stm32h743xx.o(.text)
    TIM8_BRK_TIM12_IRQHandler                0x080002c7   Thumb Code     0  startup_stm32h743xx.o(.text)
    TIM8_CC_IRQHandler                       0x080002c7   Thumb Code     0  startup_stm32h743xx.o(.text)
    TIM8_TRG_COM_TIM14_IRQHandler            0x080002c7   Thumb Code     0  startup_stm32h743xx.o(.text)
    TIM8_UP_TIM13_IRQHandler                 0x080002c7   Thumb Code     0  startup_stm32h743xx.o(.text)
    UART4_IRQHandler                         0x080002c7   Thumb Code     0  startup_stm32h743xx.o(.text)
    UART5_IRQHandler                         0x080002c7   Thumb Code     0  startup_stm32h743xx.o(.text)
    UART7_IRQHandler                         0x080002c7   Thumb Code     0  startup_stm32h743xx.o(.text)
    UART8_IRQHandler                         0x080002c7   Thumb Code     0  startup_stm32h743xx.o(.text)
    USART1_IRQHandler                        0x080002c7   Thumb Code     0  startup_stm32h743xx.o(.text)
    USART2_IRQHandler                        0x080002c7   Thumb Code     0  startup_stm32h743xx.o(.text)
    USART3_IRQHandler                        0x080002c7   Thumb Code     0  startup_stm32h743xx.o(.text)
    USART6_IRQHandler                        0x080002c7   Thumb Code     0  startup_stm32h743xx.o(.text)
    WAKEUP_PIN_IRQHandler                    0x080002c7   Thumb Code     0  startup_stm32h743xx.o(.text)
    WWDG_IRQHandler                          0x080002c7   Thumb Code     0  startup_stm32h743xx.o(.text)
    __scatterload                            0x080002d1   Thumb Code    28  init.o(.text)
    __scatterload_rt2                        0x080002d1   Thumb Code     0  init.o(.text)
    BusFault_Handler                         0x080002f5   Thumb Code     2  stm32h7xx_it.o(i.BusFault_Handler)
    DebugMon_Handler                         0x08000375   Thumb Code     2  stm32h7xx_it.o(i.DebugMon_Handler)
    FDCAN1_IT0_IRQHandler                    0x08000379   Thumb Code     6  stm32h7xx_it.o(i.FDCAN1_IT0_IRQHandler)
    HAL_Delay                                0x080006a1   Thumb Code    32  stm32h7xx_hal.o(i.HAL_Delay)
    HAL_FDCAN_ActivateNotification           0x080006c5   Thumb Code   130  stm32h7xx_hal_fdcan.o(i.HAL_FDCAN_ActivateNotification)
    HAL_FDCAN_AddMessageToTxFifoQ            0x08000751   Thumb Code    88  stm32h7xx_hal_fdcan.o(i.HAL_FDCAN_AddMessageToTxFifoQ)
    HAL_FDCAN_ClockCalibrationCallback       0x080007a9   Thumb Code     2  stm32h7xx_hal_fdcan.o(i.HAL_FDCAN_ClockCalibrationCallback)
    HAL_FDCAN_ConfigFilter                   0x080007ab   Thumb Code   130  stm32h7xx_hal_fdcan.o(i.HAL_FDCAN_ConfigFilter)
    HAL_FDCAN_ErrorCallback                  0x0800082d   Thumb Code     2  stm32h7xx_hal_fdcan.o(i.HAL_FDCAN_ErrorCallback)
    HAL_FDCAN_GetRxMessage                   0x08000831   Thumb Code   348  stm32h7xx_hal_fdcan.o(i.HAL_FDCAN_GetRxMessage)
    HAL_FDCAN_HighPriorityMessageCallback    0x08000991   Thumb Code     2  stm32h7xx_hal_fdcan.o(i.HAL_FDCAN_HighPriorityMessageCallback)
    HAL_FDCAN_IRQHandler                     0x08000995   Thumb Code  1118  stm32h7xx_hal_fdcan.o(i.HAL_FDCAN_IRQHandler)
    HAL_FDCAN_Init                           0x08000e01   Thumb Code   530  stm32h7xx_hal_fdcan.o(i.HAL_FDCAN_Init)
    HAL_FDCAN_MspInit                        0x0800101d   Thumb Code   134  stm32h7xx_hal_msp.o(i.HAL_FDCAN_MspInit)
    HAL_FDCAN_RxBufferNewMessageCallback     0x080010ad   Thumb Code     2  stm32h7xx_hal_fdcan.o(i.HAL_FDCAN_RxBufferNewMessageCallback)
    HAL_FDCAN_RxFifo0Callback                0x080010b1   Thumb Code    76  main.o(i.HAL_FDCAN_RxFifo0Callback)
    HAL_FDCAN_RxFifo1Callback                0x08001105   Thumb Code     2  stm32h7xx_hal_fdcan.o(i.HAL_FDCAN_RxFifo1Callback)
    HAL_FDCAN_Start                          0x08001107   Thumb Code    50  stm32h7xx_hal_fdcan.o(i.HAL_FDCAN_Start)
    HAL_FDCAN_TT_GlobalTimeCallback          0x08001139   Thumb Code     2  stm32h7xx_hal_fdcan.o(i.HAL_FDCAN_TT_GlobalTimeCallback)
    HAL_FDCAN_TT_ScheduleSyncCallback        0x0800113b   Thumb Code     2  stm32h7xx_hal_fdcan.o(i.HAL_FDCAN_TT_ScheduleSyncCallback)
    HAL_FDCAN_TT_StopWatchCallback           0x0800113d   Thumb Code     2  stm32h7xx_hal_fdcan.o(i.HAL_FDCAN_TT_StopWatchCallback)
    HAL_FDCAN_TT_TimeMarkCallback            0x0800113f   Thumb Code     2  stm32h7xx_hal_fdcan.o(i.HAL_FDCAN_TT_TimeMarkCallback)
    HAL_FDCAN_TimeoutOccurredCallback        0x08001141   Thumb Code     2  stm32h7xx_hal_fdcan.o(i.HAL_FDCAN_TimeoutOccurredCallback)
    HAL_FDCAN_TimestampWraparoundCallback    0x08001143   Thumb Code     2  stm32h7xx_hal_fdcan.o(i.HAL_FDCAN_TimestampWraparoundCallback)
    HAL_FDCAN_TxBufferAbortCallback          0x08001145   Thumb Code     2  stm32h7xx_hal_fdcan.o(i.HAL_FDCAN_TxBufferAbortCallback)
    HAL_FDCAN_TxBufferCompleteCallback       0x08001147   Thumb Code     2  stm32h7xx_hal_fdcan.o(i.HAL_FDCAN_TxBufferCompleteCallback)
    HAL_FDCAN_TxEventFifoCallback            0x08001149   Thumb Code     2  stm32h7xx_hal_fdcan.o(i.HAL_FDCAN_TxEventFifoCallback)
    HAL_FDCAN_TxFifoEmptyCallback            0x0800114b   Thumb Code     2  stm32h7xx_hal_fdcan.o(i.HAL_FDCAN_TxFifoEmptyCallback)
    HAL_GPIO_Init                            0x0800114d   Thumb Code   450  stm32h7xx_hal_gpio.o(i.HAL_GPIO_Init)
    HAL_GPIO_TogglePin                       0x08001341   Thumb Code     8  stm32h7xx_hal_gpio.o(i.HAL_GPIO_TogglePin)
    HAL_GPIO_WritePin                        0x08001349   Thumb Code    10  stm32h7xx_hal_gpio.o(i.HAL_GPIO_WritePin)
    HAL_GetTick                              0x08001355   Thumb Code     6  stm32h7xx_hal.o(i.HAL_GetTick)
    HAL_IncTick                              0x08001361   Thumb Code    12  stm32h7xx_hal.o(i.HAL_IncTick)
    HAL_Init                                 0x08001371   Thumb Code    28  stm32h7xx_hal.o(i.HAL_Init)
    HAL_InitTick                             0x0800138d   Thumb Code    54  stm32h7xx_hal.o(i.HAL_InitTick)
    HAL_MspInit                              0x080013cd   Thumb Code     2  stm32h7xx_hal_msp.o(i.HAL_MspInit)
    HAL_NVIC_EnableIRQ                       0x080013cf   Thumb Code    26  stm32h7xx_hal_cortex.o(i.HAL_NVIC_EnableIRQ)
    HAL_NVIC_SetPriority                     0x080013e9   Thumb Code    60  stm32h7xx_hal_cortex.o(i.HAL_NVIC_SetPriority)
    HAL_NVIC_SetPriorityGrouping             0x08001429   Thumb Code    28  stm32h7xx_hal_cortex.o(i.HAL_NVIC_SetPriorityGrouping)
    HAL_RCCEx_PeriphCLKConfig                0x0800144d   Thumb Code  2232  stm32h7xx_hal_rcc_ex.o(i.HAL_RCCEx_PeriphCLKConfig)
    HAL_RCC_ClockConfig                      0x08001d05   Thumb Code   458  stm32h7xx_hal_rcc.o(i.HAL_RCC_ClockConfig)
    HAL_RCC_GetSysClockFreq                  0x08001ee1   Thumb Code   286  stm32h7xx_hal_rcc.o(i.HAL_RCC_GetSysClockFreq)
    HAL_RCC_OscConfig                        0x0800200d   Thumb Code  1202  stm32h7xx_hal_rcc.o(i.HAL_RCC_OscConfig)
    HAL_SYSTICK_Config                       0x080024c5   Thumb Code    38  stm32h7xx_hal_cortex.o(i.HAL_SYSTICK_Config)
    HardFault_Handler                        0x080024eb   Thumb Code     2  stm32h7xx_it.o(i.HardFault_Handler)
    LED_Init                                 0x080024ed   Thumb Code    68  led.o(i.LED_Init)
    MemManage_Handler                        0x08002539   Thumb Code     2  stm32h7xx_it.o(i.MemManage_Handler)
    NMI_Handler                              0x0800253b   Thumb Code     2  stm32h7xx_it.o(i.NMI_Handler)
    PendSV_Handler                           0x0800253d   Thumb Code     2  stm32h7xx_it.o(i.PendSV_Handler)
    SVC_Handler                              0x08002739   Thumb Code     2  stm32h7xx_it.o(i.SVC_Handler)
    SysTick_Handler                          0x0800273b   Thumb Code     4  stm32h7xx_it.o(i.SysTick_Handler)
    SystemInit                               0x080027c9   Thumb Code   118  system_stm32h7xx.o(i.SystemInit)
    UsageFault_Handler                       0x08002851   Thumb Code     2  stm32h7xx_it.o(i.UsageFault_Handler)
    __scatterload_copy                       0x08002875   Thumb Code    14  handlers.o(i.__scatterload_copy)
    __scatterload_null                       0x08002883   Thumb Code     2  handlers.o(i.__scatterload_null)
    __scatterload_zeroinit                   0x08002885   Thumb Code    14  handlers.o(i.__scatterload_zeroinit)
    main                                     0x08002895   Thumb Code    74  main.o(i.main)
    D1CorePrescTable                         0x080028ec   Data          16  system_stm32h7xx.o(.constdata)
    Region$$Table$$Base                      0x08002920   Number         0  anon$$obj.o(Region$$Table)
    Region$$Table$$Limit                     0x08002940   Number         0  anon$$obj.o(Region$$Table)
    SystemCoreClock                          0x24000000   Data           4  system_stm32h7xx.o(.data)
    ubKeyNumber                              0x24000004   Data           1  main.o(.data)
    RxData                                   0x24000005   Data           8  main.o(.data)
    TxData                                   0x2400000d   Data           8  main.o(.data)
    hfdcan                                   0x24000024   Data         156  main.o(.bss)
    RxHeader                                 0x240000c0   Data          40  main.o(.bss)
    TxHeader                                 0x240000e8   Data          36  main.o(.bss)
    __initial_sp                             0x24000510   Data           0  startup_stm32h743xx.o(STACK)



==============================================================================

Memory Map of the image

  Image Entry point : 0x08000299

  Load Region LR_IROM1 (Base: 0x08000000, Size: 0x00002964, Max: 0x00200000, ABSOLUTE)

    Execution Region ER_IROM1 (Exec base: 0x08000000, Load base: 0x08000000, Size: 0x00002940, Max: 0x00200000, ABSOLUTE)

    Exec Addr    Load Addr    Size         Type   Attr      Idx    E Section Name        Object

    0x08000000   0x08000000   0x00000298   Data   RO          550    RESET               startup_stm32h743xx.o
    0x08000298   0x08000298   0x00000000   Code   RO         4206  * .ARM.Collect$$$$00000000  mc_w.l(entry.o)
    0x08000298   0x08000298   0x00000004   Code   RO         4211    .ARM.Collect$$$$00000001  mc_w.l(entry2.o)
    0x0800029c   0x0800029c   0x00000004   Code   RO         4214    .ARM.Collect$$$$00000004  mc_w.l(entry5.o)
    0x080002a0   0x080002a0   0x00000000   Code   RO         4216    .ARM.Collect$$$$00000008  mc_w.l(entry7b.o)
    0x080002a0   0x080002a0   0x00000000   Code   RO         4218    .ARM.Collect$$$$0000000A  mc_w.l(entry8b.o)
    0x080002a0   0x080002a0   0x00000008   Code   RO         4219    .ARM.Collect$$$$0000000B  mc_w.l(entry9a.o)
    0x080002a8   0x080002a8   0x00000000   Code   RO         4221    .ARM.Collect$$$$0000000D  mc_w.l(entry10a.o)
    0x080002a8   0x080002a8   0x00000000   Code   RO         4223    .ARM.Collect$$$$0000000F  mc_w.l(entry11a.o)
    0x080002a8   0x080002a8   0x00000004   Code   RO         4212    .ARM.Collect$$$$00002712  mc_w.l(entry2.o)
    0x080002ac   0x080002ac   0x00000024   Code   RO          551    .text               startup_stm32h743xx.o
    0x080002d0   0x080002d0   0x00000024   Code   RO         4229    .text               mc_w.l(init.o)
    0x080002f4   0x080002f4   0x00000002   Code   RO          596    i.BusFault_Handler  stm32h7xx_it.o
    0x080002f6   0x080002f6   0x00000002   PAD
    0x080002f8   0x080002f8   0x0000007c   Code   RO          681    i.CPU_CACHE_Enable  main.o
    0x08000374   0x08000374   0x00000002   Code   RO          597    i.DebugMon_Handler  stm32h7xx_it.o
    0x08000376   0x08000376   0x00000002   PAD
    0x08000378   0x08000378   0x0000000c   Code   RO          598    i.FDCAN1_IT0_IRQHandler  stm32h7xx_it.o
    0x08000384   0x08000384   0x00000200   Code   RO         1037    i.FDCAN_CalcultateRamBlockAddresses  stm32h7xx_hal_fdcan.o
    0x08000584   0x08000584   0x000000a8   Code   RO          682    i.FDCAN_Config      main.o
    0x0800062c   0x0800062c   0x00000074   Code   RO         1038    i.FDCAN_CopyMessageToRAM  stm32h7xx_hal_fdcan.o
    0x080006a0   0x080006a0   0x00000024   Code   RO         2266    i.HAL_Delay         stm32h7xx_hal.o
    0x080006c4   0x080006c4   0x0000008c   Code   RO         1040    i.HAL_FDCAN_ActivateNotification  stm32h7xx_hal_fdcan.o
    0x08000750   0x08000750   0x00000058   Code   RO         1042    i.HAL_FDCAN_AddMessageToTxFifoQ  stm32h7xx_hal_fdcan.o
    0x080007a8   0x080007a8   0x00000002   Code   RO         1043    i.HAL_FDCAN_ClockCalibrationCallback  stm32h7xx_hal_fdcan.o
    0x080007aa   0x080007aa   0x00000082   Code   RO         1047    i.HAL_FDCAN_ConfigFilter  stm32h7xx_hal_fdcan.o
    0x0800082c   0x0800082c   0x00000002   Code   RO         1065    i.HAL_FDCAN_ErrorCallback  stm32h7xx_hal_fdcan.o
    0x0800082e   0x0800082e   0x00000002   PAD
    0x08000830   0x08000830   0x00000160   Code   RO         1075    i.HAL_FDCAN_GetRxMessage  stm32h7xx_hal_fdcan.o
    0x08000990   0x08000990   0x00000002   Code   RO         1081    i.HAL_FDCAN_HighPriorityMessageCallback  stm32h7xx_hal_fdcan.o
    0x08000992   0x08000992   0x00000002   PAD
    0x08000994   0x08000994   0x0000046c   Code   RO         1082    i.HAL_FDCAN_IRQHandler  stm32h7xx_hal_fdcan.o
    0x08000e00   0x08000e00   0x0000021c   Code   RO         1083    i.HAL_FDCAN_Init    stm32h7xx_hal_fdcan.o
    0x0800101c   0x0800101c   0x00000090   Code   RO          744    i.HAL_FDCAN_MspInit  stm32h7xx_hal_msp.o
    0x080010ac   0x080010ac   0x00000002   Code   RO         1092    i.HAL_FDCAN_RxBufferNewMessageCallback  stm32h7xx_hal_fdcan.o
    0x080010ae   0x080010ae   0x00000002   PAD
    0x080010b0   0x080010b0   0x00000054   Code   RO          683    i.HAL_FDCAN_RxFifo0Callback  main.o
    0x08001104   0x08001104   0x00000002   Code   RO         1094    i.HAL_FDCAN_RxFifo1Callback  stm32h7xx_hal_fdcan.o
    0x08001106   0x08001106   0x00000032   Code   RO         1095    i.HAL_FDCAN_Start   stm32h7xx_hal_fdcan.o
    0x08001138   0x08001138   0x00000002   Code   RO         1117    i.HAL_FDCAN_TT_GlobalTimeCallback  stm32h7xx_hal_fdcan.o
    0x0800113a   0x0800113a   0x00000002   Code   RO         1118    i.HAL_FDCAN_TT_ScheduleSyncCallback  stm32h7xx_hal_fdcan.o
    0x0800113c   0x0800113c   0x00000002   Code   RO         1123    i.HAL_FDCAN_TT_StopWatchCallback  stm32h7xx_hal_fdcan.o
    0x0800113e   0x0800113e   0x00000002   Code   RO         1124    i.HAL_FDCAN_TT_TimeMarkCallback  stm32h7xx_hal_fdcan.o
    0x08001140   0x08001140   0x00000002   Code   RO         1125    i.HAL_FDCAN_TimeoutOccurredCallback  stm32h7xx_hal_fdcan.o
    0x08001142   0x08001142   0x00000002   Code   RO         1126    i.HAL_FDCAN_TimestampWraparoundCallback  stm32h7xx_hal_fdcan.o
    0x08001144   0x08001144   0x00000002   Code   RO         1127    i.HAL_FDCAN_TxBufferAbortCallback  stm32h7xx_hal_fdcan.o
    0x08001146   0x08001146   0x00000002   Code   RO         1128    i.HAL_FDCAN_TxBufferCompleteCallback  stm32h7xx_hal_fdcan.o
    0x08001148   0x08001148   0x00000002   Code   RO         1129    i.HAL_FDCAN_TxEventFifoCallback  stm32h7xx_hal_fdcan.o
    0x0800114a   0x0800114a   0x00000002   Code   RO         1130    i.HAL_FDCAN_TxFifoEmptyCallback  stm32h7xx_hal_fdcan.o
    0x0800114c   0x0800114c   0x000001f4   Code   RO         2762    i.HAL_GPIO_Init     stm32h7xx_hal_gpio.o
    0x08001340   0x08001340   0x00000008   Code   RO         2765    i.HAL_GPIO_TogglePin  stm32h7xx_hal_gpio.o
    0x08001348   0x08001348   0x0000000a   Code   RO         2766    i.HAL_GPIO_WritePin  stm32h7xx_hal_gpio.o
    0x08001352   0x08001352   0x00000002   PAD
    0x08001354   0x08001354   0x0000000c   Code   RO         2282    i.HAL_GetTick       stm32h7xx_hal.o
    0x08001360   0x08001360   0x00000010   Code   RO         2285    i.HAL_IncTick       stm32h7xx_hal.o
    0x08001370   0x08001370   0x0000001c   Code   RO         2286    i.HAL_Init          stm32h7xx_hal.o
    0x0800138c   0x0800138c   0x00000040   Code   RO         2287    i.HAL_InitTick      stm32h7xx_hal.o
    0x080013cc   0x080013cc   0x00000002   Code   RO          746    i.HAL_MspInit       stm32h7xx_hal_msp.o
    0x080013ce   0x080013ce   0x0000001a   Code   RO         2831    i.HAL_NVIC_EnableIRQ  stm32h7xx_hal_cortex.o
    0x080013e8   0x080013e8   0x00000040   Code   RO         2837    i.HAL_NVIC_SetPriority  stm32h7xx_hal_cortex.o
    0x08001428   0x08001428   0x00000024   Code   RO         2838    i.HAL_NVIC_SetPriorityGrouping  stm32h7xx_hal_cortex.o
    0x0800144c   0x0800144c   0x000008b8   Code   RO         3649    i.HAL_RCCEx_PeriphCLKConfig  stm32h7xx_hal_rcc_ex.o
    0x08001d04   0x08001d04   0x000001dc   Code   RO         2164    i.HAL_RCC_ClockConfig  stm32h7xx_hal_rcc.o
    0x08001ee0   0x08001ee0   0x0000012c   Code   RO         2172    i.HAL_RCC_GetSysClockFreq  stm32h7xx_hal_rcc.o
    0x0800200c   0x0800200c   0x000004b8   Code   RO         2175    i.HAL_RCC_OscConfig  stm32h7xx_hal_rcc.o
    0x080024c4   0x080024c4   0x00000026   Code   RO         2842    i.HAL_SYSTICK_Config  stm32h7xx_hal_cortex.o
    0x080024ea   0x080024ea   0x00000002   Code   RO          599    i.HardFault_Handler  stm32h7xx_it.o
    0x080024ec   0x080024ec   0x0000004c   Code   RO         4185    i.LED_Init          led.o
    0x08002538   0x08002538   0x00000002   Code   RO          600    i.MemManage_Handler  stm32h7xx_it.o
    0x0800253a   0x0800253a   0x00000002   Code   RO          601    i.NMI_Handler       stm32h7xx_it.o
    0x0800253c   0x0800253c   0x00000002   Code   RO          602    i.PendSV_Handler    stm32h7xx_it.o
    0x0800253e   0x0800253e   0x00000002   PAD
    0x08002540   0x08002540   0x000000fc   Code   RO         3652    i.RCCEx_PLL2_Config  stm32h7xx_hal_rcc_ex.o
    0x0800263c   0x0800263c   0x000000fc   Code   RO         3653    i.RCCEx_PLL3_Config  stm32h7xx_hal_rcc_ex.o
    0x08002738   0x08002738   0x00000002   Code   RO          603    i.SVC_Handler       stm32h7xx_it.o
    0x0800273a   0x0800273a   0x00000004   Code   RO          604    i.SysTick_Handler   stm32h7xx_it.o
    0x0800273e   0x0800273e   0x00000002   PAD
    0x08002740   0x08002740   0x00000088   Code   RO          685    i.SystemClock_Config  main.o
    0x080027c8   0x080027c8   0x00000088   Code   RO          559    i.SystemInit        system_stm32h7xx.o
    0x08002850   0x08002850   0x00000002   Code   RO          605    i.UsageFault_Handler  stm32h7xx_it.o
    0x08002852   0x08002852   0x00000022   Code   RO         2844    i.__NVIC_SetPriority  stm32h7xx_hal_cortex.o
    0x08002874   0x08002874   0x0000000e   Code   RO         4233    i.__scatterload_copy  mc_w.l(handlers.o)
    0x08002882   0x08002882   0x00000002   Code   RO         4234    i.__scatterload_null  mc_w.l(handlers.o)
    0x08002884   0x08002884   0x0000000e   Code   RO         4235    i.__scatterload_zeroinit  mc_w.l(handlers.o)
    0x08002892   0x08002892   0x00000002   PAD
    0x08002894   0x08002894   0x00000058   Code   RO          686    i.main              main.o
    0x080028ec   0x080028ec   0x00000010   Data   RO          560    .constdata          system_stm32h7xx.o
    0x080028fc   0x080028fc   0x00000023   Data   RO         1131    .constdata          stm32h7xx_hal_fdcan.o
    0x0800291f   0x0800291f   0x00000001   PAD
    0x08002920   0x08002920   0x00000020   Data   RO         4231    Region$$Table       anon$$obj.o


    Execution Region RW_IRAM1 (Exec base: 0x20000000, Load base: 0x08002940, Size: 0x00000000, Max: 0x00020000, ABSOLUTE)

    **** No section assigned to this execution region ****


    Execution Region RW_IRAM2 (Exec base: 0x24000000, Load base: 0x08002940, Size: 0x00000510, Max: 0x00080000, ABSOLUTE)

    Exec Addr    Load Addr    Size         Type   Attr      Idx    E Section Name        Object

    0x24000000   0x08002940   0x00000004   Data   RW          561    .data               system_stm32h7xx.o
    0x24000004   0x08002944   0x00000011   Data   RW          688    .data               main.o
    0x24000015   0x08002955   0x00000003   PAD
    0x24000018   0x08002958   0x0000000c   Data   RW         2308    .data               stm32h7xx_hal.o
    0x24000024        -       0x000000e8   Zero   RW          687    .bss                main.o
    0x2400010c   0x08002964   0x00000004   PAD
    0x24000110        -       0x00000400   Zero   RW          548    STACK               startup_stm32h743xx.o


==============================================================================

Image component sizes


      Code (inc. data)   RO Data    RW Data    ZI Data      Debug   Object Name

        76          8          0          0          0        907   led.o
       600         44          0         17        232      38975   main.o
        36          8        664          0       1024        844   startup_stm32h743xx.o
         0          0          0          0          0    1148208   stm32h743i_eval.o
       156         24          0         12          0       4262   stm32h7xx_hal.o
       198         12          0          0          0      38755   stm32h7xx_hal_cortex.o
      3090         52         35          0          0      21349   stm32h7xx_hal_fdcan.o
       518         50          0          0          0       3397   stm32h7xx_hal_gpio.o
       146         10          0          0          0       1614   stm32h7xx_hal_msp.o
      1984         46          0          0          0       4898   stm32h7xx_hal_rcc.o
      2736         46          0          0          0       5236   stm32h7xx_hal_rcc_ex.o
        32          6          0          0          0       4942   stm32h7xx_it.o
       136         18         16          4          0       1418   system_stm32h7xx.o

    ----------------------------------------------------------------------
      9724        324        748         36       1260    1274805   Object Totals
         0          0         32          0          0          0   (incl. Generated)
        16          0          1          3          4          0   (incl. Padding)

    ----------------------------------------------------------------------

      Code (inc. data)   RO Data    RW Data    ZI Data      Debug   Library Member Name

         0          0          0          0          0          0   entry.o
         0          0          0          0          0          0   entry10a.o
         0          0          0          0          0          0   entry11a.o
         8          4          0          0          0          0   entry2.o
         4          0          0          0          0          0   entry5.o
         0          0          0          0          0          0   entry7b.o
         0          0          0          0          0          0   entry8b.o
         8          4          0          0          0          0   entry9a.o
        30          0          0          0          0          0   handlers.o
        36          8          0          0          0         68   init.o

    ----------------------------------------------------------------------
        88         16          0          0          0         68   Library Totals
         2          0          0          0          0          0   (incl. Padding)

    ----------------------------------------------------------------------

      Code (inc. data)   RO Data    RW Data    ZI Data      Debug   Library Name

        86         16          0          0          0         68   mc_w.l

    ----------------------------------------------------------------------
        88         16          0          0          0         68   Library Totals

    ----------------------------------------------------------------------

==============================================================================


      Code (inc. data)   RO Data    RW Data    ZI Data      Debug   

      9812        340        748         36       1260    1269477   Grand Totals
      9812        340        748         36       1260    1269477   ELF Image Totals
      9812        340        748         36          0          0   ROM Totals

==============================================================================

    Total RO  Size (Code + RO Data)                10560 (  10.31kB)
    Total RW  Size (RW Data + ZI Data)              1296 (   1.27kB)
    Total ROM Size (Code + RO Data + RW Data)      10596 (  10.35kB)

==============================================================================

